Component: ARM Compiler 5.06 update 7 (build 960) Tool: armlink [4d3601]

==============================================================================

Section Cross References

    main.o(.text) refers to rt_cmsis.o(i.osSemaphoreWait) for osSemaphoreWait
    main.o(.text) refers to rt_cmsis.o(i.osMutexWait) for osMutexWait
    main.o(.text) refers to rt_cmsis.o(i.osMutexRelease) for osMutexRelease
    main.o(.text) refers to rt_cmsis.o(i.osSemaphoreRelease) for osSemaphoreRelease
    main.o(.text) refers to test.o(.text) for test
    main.o(.text) refers to rt_cmsis.o(i.osMessagePut) for osMessagePut
    main.o(.text) refers to noretval__2sprintf.o(.text) for __2sprintf
    main.o(.text) refers to uart.o(.text) for SendChar
    main.o(.text) refers to rt_cmsis.o(i.osMessageGet) for osMessageGet
    main.o(.text) refers to rt_cmsis.o(i.osKernelInitialize) for osKernelInitialize
    main.o(.text) refers to rt_cmsis.o(i.osSemaphoreCreate) for osSemaphoreCreate
    main.o(.text) refers to rt_cmsis.o(i.osMutexCreate) for osMutexCreate
    main.o(.text) refers to rt_cmsis.o(i.osMessageCreate) for osMessageCreate
    main.o(.text) refers to rt_cmsis.o(i.osThreadCreate) for osThreadCreate
    main.o(.text) refers to rt_cmsis.o(i.osKernelStart) for osKernelStart
    main.o(.text) refers to main.o(.data) for SEMspace
    main.o(.text) refers to main.o(.bss) for result
    main.o(.text) refers to main.o(.constdata) for os_semaphore_def_SEMitem
    main.o(.constdata) refers to main.o(.text) for Producer
    main.o(.constdata) refers to main.o(.bss) for os_messageQ_q_Q_LED
    main.o(.constdata) refers to main.o(.data) for os_semaphore_cb_SEMitem
    led_mcbstm32e.o(.text) refers to gpio_stm32f10x.o(.text) for GPIO_PortClock
    led_mcbstm32e.o(.text) refers to led_mcbstm32e.o(.constdata) for Pin_LED
    rtx_conf_cm.o(.emb_text) refers to rt_cmsis.o(i.osKernelInitialize) for osKernelInitialize
    rtx_conf_cm.o(.emb_text) refers to rt_cmsis.o(i.osThreadCreate) for osThreadCreate
    rtx_conf_cm.o(.emb_text) refers to rt_cmsis.o(i.osKernelStart) for osKernelStart
    rtx_conf_cm.o(.emb_text) refers to exit.o(.text) for exit
    rtx_conf_cm.o(.emb_text) refers to rtx_conf_cm.o(.constdata) for os_thread_def_main
    rtx_conf_cm.o(.text) refers to rt_task.o(i.rt_tsk_self) for rt_tsk_self
    rtx_conf_cm.o(.text) refers to rt_mutex.o(i.rt_mut_init) for rt_mut_init
    rtx_conf_cm.o(.text) refers to rt_cmsis.o(.data) for os_running
    rtx_conf_cm.o(.text) refers to rtx_conf_cm.o(.bss) for .bss
    rtx_conf_cm.o(.text) refers to libspace.o(.bss) for __libspace_start
    rtx_conf_cm.o(.text) refers to rtx_conf_cm.o(.data) for .data
    rtx_conf_cm.o(.text) refers to rt_mutex.o(i.rt_mut_wait) for rt_mut_wait
    rtx_conf_cm.o(.text) refers to rt_mutex.o(i.rt_mut_release) for rt_mut_release
    rtx_conf_cm.o(.constdata) refers to rt_cmsis.o(i.osTimerThread) for osTimerThread
    rtx_conf_cm.o(.constdata) refers to rtx_conf_cm.o(.bss) for os_messageQ_q_osTimerMessageQ
    rtx_conf_cm.o(.constdata) refers to main.o(.text) for main
    startup_stm32f10x_md.o(STACK) refers (Special) to heapauxi.o(.text) for __use_two_region_memory
    startup_stm32f10x_md.o(HEAP) refers (Special) to heapauxi.o(.text) for __use_two_region_memory
    startup_stm32f10x_md.o(RESET) refers (Special) to heapauxi.o(.text) for __use_two_region_memory
    startup_stm32f10x_md.o(RESET) refers to startup_stm32f10x_md.o(STACK) for __initial_sp
    startup_stm32f10x_md.o(RESET) refers to startup_stm32f10x_md.o(.text) for Reset_Handler
    startup_stm32f10x_md.o(RESET) refers to hal_cm3.o(.emb_text) for SVC_Handler
    startup_stm32f10x_md.o(.text) refers (Special) to heapauxi.o(.text) for __use_two_region_memory
    startup_stm32f10x_md.o(.text) refers to system_stm32f10x.o(.text) for SystemInit
    startup_stm32f10x_md.o(.text) refers to __main.o(!!!main) for __main
    startup_stm32f10x_md.o(.text) refers to startup_stm32f10x_md.o(HEAP) for Heap_Mem
    startup_stm32f10x_md.o(.text) refers to startup_stm32f10x_md.o(STACK) for Stack_Mem
    system_stm32f10x.o(.text) refers to system_stm32f10x.o(.data) for SystemCoreClock
    rt_cmsis.o(i.isrMessageGet) refers to rt_mailbox.o(i.isr_mbx_receive) for isr_mbx_receive
    rt_cmsis.o(i.isrMessagePut) refers to rt_mailbox.o(i.rt_mbx_check) for rt_mbx_check
    rt_cmsis.o(i.isrMessagePut) refers to rt_mailbox.o(i.isr_mbx_send) for isr_mbx_send
    rt_cmsis.o(i.isrSemaphoreRelease) refers to rt_cmsis.o(i.rt_id2obj) for rt_id2obj
    rt_cmsis.o(i.isrSemaphoreRelease) refers to rt_semaphore.o(i.isr_sem_send) for isr_sem_send
    rt_cmsis.o(i.isrSignalSet) refers to rt_cmsis.o(i.rt_tid2ptcb) for rt_tid2ptcb
    rt_cmsis.o(i.isrSignalSet) refers to rt_event.o(i.isr_evt_set) for isr_evt_set
    rt_cmsis.o(i.osDelay) refers to rt_cmsis.o(i.svcDelay) for svcDelay
    rt_cmsis.o(i.osKernelInitialize) refers to rt_cmsis.o(i.svcKernelInitialize) for svcKernelInitialize
[...]
    Removing rt_cmsis.o(i.sysPoolAlloc), (10 bytes).
    Removing rt_cmsis.o(i.sysPoolFree), (20 bytes).
    Removing rt_cmsis.o(i.sysUserTimerUpdate), (48 bytes).
    Removing rt_cmsis.o(i.sysUserTimerWakeupTime), (20 bytes).
    Removing rt_task.o(i.rt_tsk_pass), (48 bytes).
    Removing rt_mutex.o(i.rt_mut_delete), (176 bytes).
    Removing rt_system.o(.emb_text), (0 bytes).
    Removing rt_system.o(i.os_tick_ovf), (16 bytes).
    Removing rt_system.o(i.os_tick_val), (20 bytes).
    Removing rt_system.o(i.rt_resume), (136 bytes).
    Removing rt_system.o(i.rt_suspend), (36 bytes).
    Removing rt_system.o(i.rt_tsk_lock), (80 bytes).
    Removing rt_system.o(i.rt_tsk_unlock), (80 bytes).
    Removing rt_event.o(i.isr_evt_set), (40 bytes).
    Removing rt_event.o(i.rt_evt_clr), (28 bytes).
    Removing rt_event.o(i.rt_evt_get), (12 bytes).
    Removing rt_event.o(i.rt_evt_set), (92 bytes).
    Removing rt_event.o(i.rt_evt_wait), (60 bytes).
    Removing rt_list.o(i.rt_get_same_rdy_prio), (36 bytes).
    Removing rt_semaphore.o(i.rt_sem_delete), (92 bytes).
    Removing rt_time.o(i.rt_dly_wait), (6 bytes).
    Removing rt_time.o(i.rt_itv_set), (24 bytes).
    Removing rt_time.o(i.rt_itv_wait), (40 bytes).
    Removing rt_time.o(i.rt_time_get), (12 bytes).
    Removing rt_membox.o(i._calloc_box), (30 bytes).

101 unused section(s) (total 4140 bytes) removed from the image.

==============================================================================

Image Symbol Table

    Local Symbols

    Symbol Name                              Value     Ov Type        Size  Object(Section)

    ../clib/angel/boardlib.s                 0x00000000   Number         0  boardinit2.o ABSOLUTE
    ../clib/angel/boardlib.s                 0x00000000   Number         0  boardshut.o ABSOLUTE
    ../clib/angel/boardlib.s                 0x00000000   Number         0  boardinit1.o ABSOLUTE
    ../clib/angel/handlers.s                 0x00000000   Number         0  __scatter_copy.o ABSOLUTE
    ../clib/angel/handlers.s                 0x00000000   Number         0  __scatter_zi.o ABSOLUTE
    ../clib/angel/kernel.s                   0x00000000   Number         0  __rtentry2.o ABSOLUTE
    ../clib/angel/kernel.s                   0x00000000   Number         0  rtexit.o ABSOLUTE
    ../clib/angel/kernel.s                   0x00000000   Number         0  __rtentry.o ABSOLUTE
    ../clib/angel/kernel.s                   0x00000000   Number         0  __rtentry4.o ABSOLUTE
    ../clib/angel/kernel.s                   0x00000000   Number         0  rtexit2.o ABSOLUTE
    ../clib/angel/rt.s                       0x00000000   Number         0  aeabi_ldiv0_sigfpe.o ABSOLUTE
    ../clib/angel/rt.s                       0x00000000   Number         0  rt_raise.o ABSOLUTE
    ../clib/angel/rt.s                       0x00000000   Number         0  rt_div0.o ABSOLUTE
    ../clib/angel/rt.s                       0x00000000   Number         0  aeabi_ldiv0.o ABSOLUTE
    ../clib/angel/scatter.s                  0x00000000   Number         0  __scatter.o ABSOLUTE
    ../clib/angel/startup.s                  0x00000000   Number         0  __main.o ABSOLUTE
    ../clib/angel/sys.s                      0x00000000   Number         0  sys_stackheap_outer.o ABSOLUTE
    ../clib/angel/sys.s                      0x00000000   Number         0  libspace.o ABSOLUTE
    ../clib/angel/sys.s                      0x00000000   Number         0  indicate_semi.o ABSOLUTE
    ../clib/angel/sys.s                      0x00000000   Number         0  use_no_semi.o ABSOLUTE
    ../clib/angel/sysapp.c                   0x00000000   Number         0  sys_exit.o ABSOLUTE
    ../clib/angel/sysapp.c                   0x00000000   Number         0  sys_command.o ABSOLUTE
    ../clib/angel/sysapp.c                   0x00000000   Number         0  sys_wrch.o ABSOLUTE
    ../clib/armsys.c                         0x00000000   Number         0  argv_veneer.o ABSOLUTE
    ../clib/armsys.c                         0x00000000   Number         0  argv_veneer.o ABSOLUTE
    ../clib/armsys.c                         0x00000000   Number         0  no_argv.o ABSOLUTE
    ../clib/armsys.c                         0x00000000   Number         0  _get_argv_nomalloc.o ABSOLUTE
    ../clib/heapalloc.c                      0x00000000   Number         0  hrguard.o ABSOLUTE
    ../clib/heapaux.c                        0x00000000   Number         0  heapauxi.o ABSOLUTE
    ../clib/libinit.s                        0x00000000   Number         0  libshutdown2.o ABSOLUTE
    ../clib/libinit.s                        0x00000000   Number         0  libinit2.o ABSOLUTE
    ../clib/libinit.s                        0x00000000   Number         0  libshutdown.o ABSOLUTE
    ../clib/libinit.s                        0x00000000   Number         0  libinit.o ABSOLUTE
    ../clib/longlong.s                       0x00000000   Number         0  lludivv7m.o ABSOLUTE
    ../clib/printf.c                         0x00000000   Number         0  __2sprintf.o ABSOLUTE
    ../clib/printf.c                         0x00000000   Number         0  _printf_char_common.o ABSOLUTE
    ../clib/printf.c                         0x00000000   Number         0  __printf_nopercent.o ABSOLUTE
    ../clib/printf.c                         0x00000000   Number         0  noretval__2sprintf.o ABSOLUTE
    ../clib/printf.c                         0x00000000   Number         0  _sputc.o ABSOLUTE
    ../clib/signal.c                         0x00000000   Number         0  defsig_rtmem_inner.o ABSOLUTE
    ../clib/signal.c                         0x00000000   Number         0  defsig_other.o ABSOLUTE
    ../clib/signal.c                         0x00000000   Number         0  defsig_segv_inner.o ABSOLUTE
    ../clib/signal.c                         0x00000000   Number         0  defsig_cppl_inner.o ABSOLUTE
    ../clib/signal.c                         0x00000000   Number         0  defsig_pvfn_inner.o ABSOLUTE
    ../clib/signal.c                         0x00000000   Number         0  defsig_stak_inner.o ABSOLUTE
    ../clib/signal.c                         0x00000000   Number         0  defsig_rtmem_formal.o ABSOLUTE
    ../clib/signal.c                         0x00000000   Number         0  defsig_rtmem_outer.o ABSOLUTE
    ../clib/signal.c                         0x00000000   Number         0  defsig_rtred_inner.o ABSOLUTE
    ../clib/signal.c                         0x00000000   Number         0  defsig_abrt_inner.o ABSOLUTE
    ../clib/signal.c                         0x00000000   Number         0  defsig_general.o ABSOLUTE
    ../clib/signal.c                         0x00000000   Number         0  __raise.o ABSOLUTE
    ../clib/signal.c                         0x00000000   Number         0  defsig_fpe_outer.o ABSOLUTE
    ../clib/signal.c                         0x00000000   Number         0  defsig_fpe_formal.o ABSOLUTE
    ../clib/signal.c                         0x00000000   Number         0  defsig_exit.o ABSOLUTE
    ../clib/signal.c                         0x00000000   Number         0  defsig_fpe_inner.o ABSOLUTE
    ../clib/signal.s                         0x00000000   Number         0  defsig.o ABSOLUTE
    ../clib/stdlib.c                         0x00000000   Number         0  exit.o ABSOLUTE
    ../fplib/fpinit.s                        0x00000000   Number         0  fpinit.o ABSOLUTE
    ..\HAL_CM.c                              0x00000000   Number         0  hal_cm.o ABSOLUTE
    ..\\rt_CMSIS.c                           0x00000000   Number         0  rt_cmsis.o ABSOLUTE
    ..\\rt_System.c                          0x00000000   Number         0  rt_system.o ABSOLUTE
    ..\rt_CMSIS.c                            0x00000000   Number         0  rt_cmsis.o ABSOLUTE
    ..\rt_Event.c                            0x00000000   Number         0  rt_event.o ABSOLUTE
    ..\rt_List.c                             0x00000000   Number         0  rt_list.o ABSOLUTE
    ..\rt_Mailbox.c                          0x00000000   Number         0  rt_mailbox.o ABSOLUTE
    ..\rt_MemBox.c                           0x00000000   Number         0  rt_membox.o ABSOLUTE
    ..\rt_Memory.c                           0x00000000   Number         0  rt_memory.o ABSOLUTE
    ..\rt_Mutex.c                            0x00000000   Number         0  rt_mutex.o ABSOLUTE
    ..\rt_Robin.c                            0x00000000   Number         0  rt_robin.o ABSOLUTE
    ..\rt_Semaphore.c                        0x00000000   Number         0  rt_semaphore.o ABSOLUTE
    ..\rt_System.c                           0x00000000   Number         0  rt_system.o ABSOLUTE
    ..\rt_Task.c                             0x00000000   Number         0  rt_task.o ABSOLUTE
    ..\rt_Time.c                             0x00000000   Number         0  rt_time.o ABSOLUTE
    C:\Users\Elden Hee\AppData\Local\Arm\Packs\Keil\STM32F1xx_DFP\2.3.0\Boards\Keil\MCBSTM32E\Common\LED_MCBSTM32E.c 0x00000000   Number         0  led_mcbstm32e.o ABSOLUTE
    C:\Users\Elden Hee\AppData\Local\Arm\Packs\Keil\STM32F1xx_DFP\2.3.0\RTE_Driver\GPIO_STM32F10x.c 0x00000000   Number         0  gpio_stm32f10x.o ABSOLUTE
    C:\\Users\\Elden Hee\\AppData\\Local\\Arm\\Packs\\Keil\\STM32F1xx_DFP\\2.3.0\\Boards\\Keil\\MCBSTM32E\\Common\\LED_MCBSTM32E.c 0x00000000   Number         0  led_mcbstm32e.o ABSOLUTE
    C:\\Users\\Elden Hee\\AppData\\Local\\Arm\\Packs\\Keil\\STM32F1xx_DFP\\2.3.0\\RTE_Driver\\GPIO_STM32F10x.c 0x00000000   Number         0  gpio_stm32f10x.o ABSOLUTE
    HAL_CM3.c                                0x00000000   Number         0  hal_cm3.o ABSOLUTE
    HAL_CM3.c                                0x00000000   Number         0  hal_cm3.o ABSOLUTE
    RTE\CMSIS\RTX_Conf_CM.c                  0x00000000   Number         0  rtx_conf_cm.o ABSOLUTE
    RTE\Device\STM32F103RB\startup_stm32f10x_md.s 0x00000000   Number         0  startup_stm32f10x_md.o ABSOLUTE
    RTE\Device\STM32F103RB\system_stm32f10x.c 0x00000000   Number         0  system_stm32f10x.o ABSOLUTE
    RTE\\CMSIS\\RTX_Conf_CM.c                0x00000000   Number         0  rtx_conf_cm.o ABSOLUTE
    RTE\\Device\\STM32F103RB\\system_stm32f10x.c 0x00000000   Number         0  system_stm32f10x.o ABSOLUTE
    SVC_Table.s                              0x00000000   Number         0  svc_table.o ABSOLUTE
    dc.s                                     0x00000000   Number         0  dc.o ABSOLUTE
    main.c                                   0x00000000   Number         0  main.o ABSOLUTE
    main.c                                   0x00000000   Number         0  main.o ABSOLUTE
    test.c                                   0x00000000   Number         0  test.o ABSOLUTE
    test.c                                   0x00000000   Number         0  test.o ABSOLUTE
    uart.c                                   0x00000000   Number         0  uart.o ABSOLUTE
    uart.c                                   0x00000000   Number         0  uart.o ABSOLUTE
    RESET                                    0x08000000   Section      236  startup_stm32f10x_md.o(RESET)
    !!!main                                  0x080000ec   Section        8  __main.o(!!!main)
    !!!scatter                               0x080000f4   Section       52  __scatter.o(!!!scatter)
    !!handler_copy                           0x08000128   Section       26  __scatter_copy.o(!!handler_copy)
    !!handler_zi                             0x08000144   Section       28  __scatter_zi.o(!!handler_zi)
    .ARM.Collect$$libinit$$00000000          0x08000160   Section        2  libinit.o(.ARM.Collect$$libinit$$00000000)
    .ARM.Collect$$libinit$$00000002          0x08000162   Section        0  libinit2.o(.ARM.Collect$$libinit$$00000002)
    .ARM.Collect$$libinit$$00000004          0x08000162   Section        0  libinit2.o(.ARM.Collect$$libinit$$00000004)
    .ARM.Collect$$libinit$$0000000A          0x08000162   Section        0  libinit2.o(.ARM.Collect$$libinit$$0000000A)
    .ARM.Collect$$libinit$$0000000C          0x08000162   Section        0  libinit2.o(.ARM.Collect$$libinit$$0000000C)
    .ARM.Collect$$libinit$$0000000E          0x08000162   Section        0  libinit2.o(.ARM.Collect$$libinit$$0000000E)
    .ARM.Collect$$libinit$$00000011          0x08000162   Section        0  libinit2.o(.ARM.Collect$$libinit$$00000011)
    .ARM.Collect$$libinit$$00000013          0x08000162   Section        0  libinit2.o(.ARM.Collect$$libinit$$00000013)
    .ARM.Collect$$libinit$$00000015          0x08000162   Section        0  libinit2.o(.ARM.Collect$$libinit$$00000015)
    .ARM.Collect$$libinit$$00000017          0x08000162   Section        0  libinit2.o(.ARM.Collect$$libinit$$00000017)
    .ARM.Collect$$libinit$$00000019          0x08000162   Section        0  libinit2.o(.ARM.Collect$$libinit$$00000019)
    .ARM.Collect$$libinit$$0000001B          0x08000162   Section        0  libinit2.o(.ARM.Collect$$libinit$$0000001B)
    .ARM.Collect$$libinit$$0000001D          0x08000162   Section        0  libinit2.o(.ARM.Collect$$libinit$$0000001D)
    .ARM.Collect$$libinit$$0000001F          0x08000162   Section        0  libinit2.o(.ARM.Collect$$libinit$$0000001F)
    .ARM.Collect$$libinit$$00000021          0x08000162   Section        0  libinit2.o(.ARM.Collect$$libinit$$00000021)
    .ARM.Collect$$libinit$$00000023          0x08000162   Section        0  libinit2.o(.ARM.Collect$$libinit$$00000023)
    .ARM.Collect$$libinit$$00000025          0x08000162   Section        0  libinit2.o(.ARM.Collect$$libinit$$00000025)
    .ARM.Collect$$libinit$$0000002C          0x08000162   Section        0  libinit2.o(.ARM.Collect$$libinit$$0000002C)
    .ARM.Collect$$libinit$$0000002E          0x08000162   Section        0  libinit2.o(.ARM.Collect$$libinit$$0000002E)
    .ARM.Collect$$libinit$$00000030          0x08000162   Section        0  libinit2.o(.ARM.Collect$$libinit$$00000030)
    .ARM.Collect$$libinit$$00000032          0x08000162   Section        0  libinit2.o(.ARM.Collect$$libinit$$00000032)
    .ARM.Collect$$libinit$$00000033          0x08000162   Section        2  libinit2.o(.ARM.Collect$$libinit$$00000033)
    .ARM.Collect$$libshutdown$$00000000      0x08000164   Section        2  libshutdown.o(.ARM.Collect$$libshutdown$$00000000)
    .ARM.Collect$$libshutdown$$00000002      0x08000166   Section        0  libshutdown2.o(.ARM.Collect$$libshutdown$$00000002)
    .ARM.Collect$$libshutdown$$00000004      0x08000166   Section        0  libshutdown2.o(.ARM.Collect$$libshutdown$$00000004)
    .ARM.Collect$$libshutdown$$00000006      0x08000166   Section        0  libshutdown2.o(.ARM.Collect$$libshutdown$$00000006)
    .ARM.Collect$$libshutdown$$00000009      0x08000166   Section        0  libshutdown2.o(.ARM.Collect$$libshutdown$$00000009)
    .ARM.Collect$$libshutdown$$0000000C      0x08000166   Section        0  libshutdown2.o(.ARM.Collect$$libshutdown$$0000000C)
    .ARM.Collect$$libshutdown$$0000000E      0x08000166   Section        0  libshutdown2.o(.ARM.Collect$$libshutdown$$0000000E)
    .ARM.Collect$$libshutdown$$00000011      0x08000166   Section        0  libshutdown2.o(.ARM.Collect$$libshutdown$$00000011)
    .ARM.Collect$$libshutdown$$00000012      0x08000166   Section        2  libshutdown2.o(.ARM.Collect$$libshutdown$$00000012)
    .ARM.Collect$$rtentry$$00000000          0x08000168   Section        0  __rtentry.o(.ARM.Collect$$rtentry$$00000000)
    .ARM.Collect$$rtentry$$00000002          0x08000168   Section        0  __rtentry2.o(.ARM.Collect$$rtentry$$00000002)
    .ARM.Collect$$rtentry$$00000004          0x08000168   Section        6  __rtentry4.o(.ARM.Collect$$rtentry$$00000004)
    .ARM.Collect$$rtentry$$00000009          0x0800016e   Section        0  __rtentry2.o(.ARM.Collect$$rtentry$$00000009)
    .ARM.Collect$$rtentry$$0000000A          0x0800016e   Section        4  __rtentry2.o(.ARM.Collect$$rtentry$$0000000A)
    .ARM.Collect$$rtentry$$0000000B          0x08000172   Section        8  __rtentry2.o(.ARM.Collect$$rtentry$$0000000B)
    .ARM.Collect$$rtentry$$0000000D          0x0800017a   Section        8  __rtentry2.o(.ARM.Collect$$rtentry$$0000000D)
    .ARM.Collect$$rtexit$$00000000           0x08000182   Section        2  rtexit.o(.ARM.Collect$$rtexit$$00000000)
    .ARM.Collect$$rtexit$$00000002           0x08000184   Section        0  rtexit2.o(.ARM.Collect$$rtexit$$00000002)
    .ARM.Collect$$rtexit$$00000003           0x08000184   Section        4  rtexit2.o(.ARM.Collect$$rtexit$$00000003)
    .ARM.Collect$$rtexit$$00000004           0x08000188   Section        6  rtexit2.o(.ARM.Collect$$rtexit$$00000004)
    .emb_text                                0x08000190   Section       28  rtx_conf_cm.o(.emb_text)
    .emb_text                                0x080001ac   Section      304  hal_cm3.o(.emb_text)
    .text                                    0x080002dc   Section        0  main.o(.text)
    .text                                    0x080006d0   Section        0  uart.o(.text)
    .text                                    0x080007a0   Section        0  test.o(.text)
    .text                                    0x080007b4   Section        0  rtx_conf_cm.o(.text)
    __tagsym$$used                           0x08000815   Number         0  rtx_conf_cm.o(.text)
    __tagsym$$used                           0x0800082b   Number         0  rtx_conf_cm.o(.text)
    .text                                    0x08000858   Section       64  startup_stm32f10x_md.o(.text)
    .text                                    0x08000898   Section        0  system_stm32f10x.o(.text)
    SetSysClockTo72                          0x08000899   Thumb Code   214  system_stm32f10x.o(.text)
    SetSysClock                              0x0800096f   Thumb Code     8  system_stm32f10x.o(.text)
    .text                                    0x08000a78   Section        8  libspace.o(.text)
    .text                                    0x08000a80   Section        0  noretval__2sprintf.o(.text)
    .text                                    0x08000aa8   Section        0  exit.o(.text)
    .text                                    0x08000aba   Section        0  heapauxi.o(.text)
    .text                                    0x08000ac0   Section        0  _printf_char_common.o(.text)
    _printf_input_char                       0x08000ac1   Thumb Code    10  _printf_char_common.o(.text)
    .text                                    0x08000af0   Section        0  _sputc.o(.text)
    .text                                    0x08000afa   Section        0  __printf_nopercent.o(.text)
    .text                                    0x08000b24   Section        0  sys_exit.o(.text)
    .text                                    0x08000b30   Section       74  sys_stackheap_outer.o(.text)
    .text                                    0x08000b7a   Section        2  use_no_semi.o(.text)
    .text                                    0x08000b7c   Section        0  indicate_semi.o(.text)
    SVC_TABLE                                0x08000b7c   Section        4  svc_table.o(SVC_TABLE)
    i._init_box                              0x08000b80   Section        0  rt_membox.o(i._init_box)
    i.dbg_init                               0x08000bc8   Section        0  hal_cm.o(i.dbg_init)
    i.dbg_task_notify                        0x08000bf8   Section        0  hal_cm.o(i.dbg_task_notify)
    i.dbg_task_switch                        0x08000c18   Section        0  hal_cm.o(i.dbg_task_switch)
    i.isrMessageGet                          0x08000c28   Section        0  rt_cmsis.o(i.isrMessageGet)
    i.isrMessagePut                          0x08000c52   Section        0  rt_cmsis.o(i.isrMessagePut)
    i.isrSemaphoreRelease                    0x08000c7e   Section        0  rt_cmsis.o(i.isrSemaphoreRelease)
    i.isr_mbx_receive                        0x08000ca8   Section        0  rt_mailbox.o(i.isr_mbx_receive)
    i.isr_mbx_send                           0x08000cfe   Section        0  rt_mailbox.o(i.isr_mbx_send)
    i.isr_sem_send                           0x08000d0c   Section        0  rt_semaphore.o(i.isr_sem_send)
    i.osKernelInitialize                     0x08000d1c   Section        0  rt_cmsis.o(i.osKernelInitialize)
    i.osKernelStart                          0x08000d40   Section        0  rt_cmsis.o(i.osKernelStart)
    i.osMessageCreate                        0x08000dac   Section        0  rt_cmsis.o(i.osMessageCreate)
    i.osMessageGet                           0x08000dd8   Section        0  rt_cmsis.o(i.osMessageGet)
    i.osMessagePut                           0x08000df0   Section        0  rt_cmsis.o(i.osMessagePut)
    i.osMutexCreate                          0x08000e08   Section        0  rt_cmsis.o(i.osMutexCreate)
    i.osMutexRelease                         0x08000e34   Section        0  rt_cmsis.o(i.osMutexRelease)
    i.osMutexWait                            0x08000e4c   Section        0  rt_cmsis.o(i.osMutexWait)
    i.osSemaphoreCreate                      0x08000e64   Section        0  rt_cmsis.o(i.osSemaphoreCreate)
    i.osSemaphoreRelease                     0x08000e90   Section        0  rt_cmsis.o(i.osSemaphoreRelease)
    i.osSemaphoreWait                        0x08000ea8   Section        0  rt_cmsis.o(i.osSemaphoreWait)
    i.osThreadCreate                         0x08000ec0   Section        0  rt_cmsis.o(i.osThreadCreate)
    i.osThreadExit                           0x08000eec   Section        0  rt_cmsis.o(i.osThreadExit)
    i.osTimerCall                            0x08000f04   Section        0  rt_cmsis.o(i.osTimerCall)
    i.osTimerThread                          0x08000f10   Section        0  rt_cmsis.o(i.osTimerThread)
    i.os_tick_init                           0x08000f3c   Section        0  rt_system.o(i.os_tick_init)
    i.os_tick_irqack                         0x08000f64   Section        0  rt_system.o(i.os_tick_irqack)
    i.rt_alloc_box                           0x08000f66   Section        0  rt_membox.o(i.rt_alloc_box)
    i.rt_alloc_mem                           0x08000f80   Section        0  rt_memory.o(i.rt_alloc_mem)
    i.rt_block                               0x08000fc0   Section        0  rt_task.o(i.rt_block)
    i.rt_chk_robin                           0x08000ff8   Section        0  rt_robin.o(i.rt_chk_robin)
    i.rt_dec_dly                             0x08001040   Section        0  rt_list.o(i.rt_dec_dly)
    i.rt_dispatch                            0x080010b0   Section        0  rt_task.o(i.rt_dispatch)
    i.rt_evt_psh                             0x080010f4   Section        0  rt_event.o(i.rt_evt_psh)
    i.rt_free_box                            0x08001144   Section        0  rt_membox.o(i.rt_free_box)
    i.rt_free_mem                            0x08001170   Section        0  rt_memory.o(i.rt_free_mem)
    i.rt_get_first                           0x08001198   Section        0  rt_list.o(i.rt_get_first)
    i.rt_id2obj                              0x080011c0   Section        0  rt_cmsis.o(i.rt_id2obj)
    rt_id2obj                                0x080011c1   Thumb Code     8  rt_cmsis.o(i.rt_id2obj)
    i.rt_init_context                        0x080011c8   Section        0  rt_task.o(i.rt_init_context)
    rt_init_context                          0x080011c9   Thumb Code    66  rt_task.o(i.rt_init_context)
    i.rt_init_mem                            0x08001210   Section        0  rt_memory.o(i.rt_init_mem)
    i.rt_init_robin                          0x0800122c   Section        0  rt_robin.o(i.rt_init_robin)
    i.rt_init_stack                          0x08001244   Section        0  hal_cm.o(i.rt_init_stack)
    i.rt_mbx_check                           0x080012c4   Section        0  rt_mailbox.o(i.rt_mbx_check)
    i.rt_mbx_init                            0x080012cc   Section        0  rt_mailbox.o(i.rt_mbx_init)
    i.rt_mbx_psh                             0x080012e8   Section        0  rt_mailbox.o(i.rt_mbx_psh)
    i.rt_mbx_send                            0x080013d8   Section        0  rt_mailbox.o(i.rt_mbx_send)
    i.rt_mbx_wait                            0x08001470   Section        0  rt_mailbox.o(i.rt_mbx_wait)
    i.rt_ms2tick                             0x08001524   Section        0  rt_cmsis.o(i.rt_ms2tick)
    rt_ms2tick                               0x08001525   Thumb Code    58  rt_cmsis.o(i.rt_ms2tick)
    i.rt_mut_init                            0x08001568   Section        0  rt_mutex.o(i.rt_mut_init)
    i.rt_mut_release                         0x08001578   Section        0  rt_mutex.o(i.rt_mut_release)
    i.rt_mut_wait                            0x08001650   Section        0  rt_mutex.o(i.rt_mut_wait)
    i.rt_pop_req                             0x080016c8   Section        0  rt_system.o(i.rt_pop_req)
    i.rt_psh_req                             0x08001744   Section        0  rt_system.o(i.rt_psh_req)
    i.rt_psq_enq                             0x08001764   Section        0  rt_list.o(i.rt_psq_enq)
    i.rt_put_dly                             0x080017c0   Section        0  rt_list.o(i.rt_put_dly)
    i.rt_put_prio                            0x08001808   Section        0  rt_list.o(i.rt_put_prio)
    i.rt_put_rdy_first                       0x08001840   Section        0  rt_list.o(i.rt_put_rdy_first)
    i.rt_resort_prio                         0x08001854   Section        0  rt_list.o(i.rt_resort_prio)
    i.rt_ret_val                             0x08001888   Section        0  hal_cm.o(i.rt_ret_val)
    i.rt_ret_val2                            0x0800188e   Section        0  hal_cm.o(i.rt_ret_val2)
    i.rt_rmv_dly                             0x08001896   Section        0  rt_list.o(i.rt_rmv_dly)
    i.rt_rmv_list                            0x080018c0   Section        0  rt_list.o(i.rt_rmv_list)
    i.rt_sem_init                            0x080018f0   Section        0  rt_semaphore.o(i.rt_sem_init)
    i.rt_sem_psh                             0x080018fc   Section        0  rt_semaphore.o(i.rt_sem_psh)
    i.rt_sem_send                            0x08001930   Section        0  rt_semaphore.o(i.rt_sem_send)
    i.rt_sem_wait                            0x0800195c   Section        0  rt_semaphore.o(i.rt_sem_wait)
    i.rt_stk_check                           0x0800199c   Section        0  rt_system.o(i.rt_stk_check)
    i.rt_switch_req                          0x080019c0   Section        0  rt_task.o(i.rt_switch_req)
    i.rt_sys_init                            0x080019e8   Section        0  rt_task.o(i.rt_sys_init)
    i.rt_sys_start                           0x08001ab4   Section        0  rt_task.o(i.rt_sys_start)
    i.rt_systick                             0x08001b2c   Section        0  rt_system.o(i.rt_systick)
    i.rt_tid2ptcb                            0x08001b6c   Section        0  rt_cmsis.o(i.rt_tid2ptcb)
    rt_tid2ptcb                              0x08001b6d   Thumb Code    18  rt_cmsis.o(i.rt_tid2ptcb)
    i.rt_timer_insert                        0x08001b80   Section        0  rt_cmsis.o(i.rt_timer_insert)
    rt_timer_insert                          0x08001b81   Thumb Code    48  rt_cmsis.o(i.rt_timer_insert)
    i.rt_tsk_create                          0x08001bb4   Section        0  rt_task.o(i.rt_tsk_create)
    i.rt_tsk_delete                          0x08001c3c   Section        0  rt_task.o(i.rt_tsk_delete)
    i.rt_tsk_prio                            0x08001db8   Section        0  rt_task.o(i.rt_tsk_prio)
    i.rt_tsk_self                            0x08001e34   Section        0  rt_task.o(i.rt_tsk_self)
    i.svcKernelInitialize                    0x08001e44   Section        0  rt_cmsis.o(i.svcKernelInitialize)
    i.svcKernelStart                         0x08001eb4   Section        0  rt_cmsis.o(i.svcKernelStart)
    i.svcMessageCreate                       0x08001efc   Section        0  rt_cmsis.o(i.svcMessageCreate)
    i.svcMessageGet                          0x08001f20   Section        0  rt_cmsis.o(i.svcMessageGet)
    i.svcMessagePut                          0x08001f5a   Section        0  rt_cmsis.o(i.svcMessagePut)
    i.svcMutexCreate                         0x08001f90   Section        0  rt_cmsis.o(i.svcMutexCreate)
    i.svcMutexRelease                        0x08001fac   Section        0  rt_cmsis.o(i.svcMutexRelease)
    i.svcMutexWait                           0x08001fce   Section        0  rt_cmsis.o(i.svcMutexWait)
    i.svcSemaphoreCreate                     0x08002008   Section        0  rt_cmsis.o(i.svcSemaphoreCreate)
    i.svcSemaphoreRelease                    0x0800202c   Section        0  rt_cmsis.o(i.svcSemaphoreRelease)
    i.svcSemaphoreWait                       0x08002054   Section        0  rt_cmsis.o(i.svcSemaphoreWait)
    i.svcThreadCreate                        0x08002088   Section        0  rt_cmsis.o(i.svcThreadCreate)
    i.svcThreadGetId                         0x080020f4   Section        0  rt_cmsis.o(i.svcThreadGetId)
    i.svcThreadTerminate                     0x08002110   Section        0  rt_cmsis.o(i.svcThreadTerminate)
    i.svcTimerCall                           0x08002148   Section        0  rt_cmsis.o(i.svcTimerCall)
    i.sysTimerTick                           0x08002160   Section        0  rt_cmsis.o(i.sysTimerTick)
    .constdata                               0x080021bc   Section       88  main.o(.constdata)
    .constdata                               0x08002214   Section      104  rtx_conf_cm.o(.constdata)
    __tagsym$$used                           0x08002230   Number         0  rtx_conf_cm.o(.constdata)
    __tagsym$$used                           0x08002234   Number         0  rtx_conf_cm.o(.constdata)
    __tagsym$$used                           0x08002238   Number         0  rtx_conf_cm.o(.constdata)
    __tagsym$$used                           0x0800223c   Number         0  rtx_conf_cm.o(.constdata)
    .data                                    0x20000000   Section       84  main.o(.data)
    .data                                    0x20000054   Section       20  rtx_conf_cm.o(.data)
    nr_mutex                                 0x20000064   Data           4  rtx_conf_cm.o(.data)
    .data                                    0x20000068   Section       20  system_stm32f10x.o(.data)
    .data                                    0x2000007c   Section        8  rt_cmsis.o(.data)
    .data                                    0x20000084   Section        8  rt_task.o(.data)
    .data                                    0x2000008c   Section        8  rt_system.o(.data)
    os_lock                                  0x2000008c   Data           1  rt_system.o(.data)
    os_psh_flag                              0x2000008d   Data           1  rt_system.o(.data)
    pend_flags                               0x2000008e   Data           1  rt_system.o(.data)
    .data                                    0x20000094   Section        4  rt_time.o(.data)
    .data                                    0x20000098   Section        8  rt_robin.o(.data)
    .data                                    0x200000a0   Section        1  hal_cm.o(.data)
    .bss                                     0x200000a4   Section      132  main.o(.bss)
    .bss                                     0x20000128   Section     3016  rtx_conf_cm.o(.bss)
    std_libspace                             0x200009d0   Data         672  rtx_conf_cm.o(.bss)
    std_libmutex                             0x20000c70   Data         128  rtx_conf_cm.o(.bss)
    .bss                                     0x20000cf0   Section       52  rt_task.o(.bss)
    .bss                                     0x20000d24   Section       48  rt_list.o(.bss)
    .bss                                     0x20000d54   Section       96  libspace.o(.bss)
    HEAP                                     0x20000db8   Section      512  startup_stm32f10x_md.o(HEAP)
    Heap_Mem                                 0x20000db8   Data         512  startup_stm32f10x_md.o(HEAP)
    STACK                                    0x20000fb8   Section     1024  startup_stm32f10x_md.o(STACK)
    Stack_Mem                                0x20000fb8   Data        1024  startup_stm32f10x_md.o(STACK)
    __initial_sp                             0x200013b8   Data           0  startup_stm32f10x_md.o(STACK)

    Global Symbols

    Symbol Name                              Value     Ov Type        Size  Object(Section)

    BuildAttributes$$THM_ISAv4$P$D$K$B$S$PE$A:L22UL41UL21$X:L11$S22US41US21$IEEE1$IW$USESV6$~STKCKD$USESV7$~SHL$OSPACE$ROPI$EBA8$UX$STANDARDLIB$REQ8$PRES8$EABIv2 0x00000000   Number         0  anon$$obj.o ABSOLUTE
    __ARM_use_no_argv                        0x00000000   Number         0  main.o ABSOLUTE
    __ARM_exceptions_init                     - Undefined Weak Reference
    __alloca_initialize                       - Undefined Weak Reference
    __arm_fini_                               - Undefined Weak Reference
    __arm_preinit_                            - Undefined Weak Reference
    __cpp_initialize__aeabi_                  - Undefined Weak Reference
    __cxa_finalize                            - Undefined Weak Reference
    __rt_locale                               - Undefined Weak Reference
    __sigvec_lookup                           - Undefined Weak Reference
    _atexit_init                              - Undefined Weak Reference
    _call_atexit_fns                          - Undefined Weak Reference
    _clock_init                               - Undefined Weak Reference
    _fp_trap_init                             - Undefined Weak Reference
    _fp_trap_shutdown                         - Undefined Weak Reference
    _get_lc_collate                           - Undefined Weak Reference
    _get_lc_ctype                             - Undefined Weak Reference
    _get_lc_monetary                          - Undefined Weak Reference
    _get_lc_numeric                           - Undefined Weak Reference
    _get_lc_time                              - Undefined Weak Reference
    _getenv_init                              - Undefined Weak Reference
    _handle_redirection                       - Undefined Weak Reference
    _init_alloc                               - Undefined Weak Reference
    _init_user_alloc                          - Undefined Weak Reference
    _initio                                   - Undefined Weak Reference
    _rand_init                                - Undefined Weak Reference
    _signal_finish                            - Undefined Weak Reference
    _signal_init                              - Undefined Weak Reference
    _terminate_alloc                          - Undefined Weak Reference
    _terminate_user_alloc                     - Undefined Weak Reference
    _terminateio                              - Undefined Weak Reference
    __Vectors_Size                           0x000000ec   Number         0  startup_stm32f10x_md.o ABSOLUTE
    __RL_RTX_VER                             0x00000482   Number         0  rt_system.o ABSOLUTE
    __Vectors                                0x08000000   Data           4  startup_stm32f10x_md.o(RESET)
    __Vectors_End                            0x080000ec   Data           0  startup_stm32f10x_md.o(RESET)
    __main                                   0x080000ed   Thumb Code     8  __main.o(!!!main)
    __scatterload                            0x080000f5   Thumb Code     0  __scatter.o(!!!scatter)
    __scatterload_rt2                        0x080000f5   Thumb Code    44  __scatter.o(!!!scatter)
    __scatterload_rt2_thumb_only             0x080000f5   Thumb Code     0  __scatter.o(!!!scatter)
    __scatterload_null                       0x08000103   Thumb Code     0  __scatter.o(!!!scatter)
    __scatterload_copy                       0x08000129   Thumb Code    26  __scatter_copy.o(!!handler_copy)
    __scatterload_zeroinit                   0x08000145   Thumb Code    28  __scatter_zi.o(!!handler_zi)
    __rt_lib_init                            0x08000161   Thumb Code     0  libinit.o(.ARM.Collect$$libinit$$00000000)
    __rt_lib_init_alloca_1                   0x08000163   Thumb Code     0  libinit2.o(.ARM.Collect$$libinit$$0000002E)
    __rt_lib_init_argv_1                     0x08000163   Thumb Code     0  libinit2.o(.ARM.Collect$$libinit$$0000002C)
    __rt_lib_init_atexit_1                   0x08000163   Thumb Code     0  libinit2.o(.ARM.Collect$$libinit$$0000001B)
    __rt_lib_init_clock_1                    0x08000163   Thumb Code     0  libinit2.o(.ARM.Collect$$libinit$$00000021)
    __rt_lib_init_cpp_1                      0x08000163   Thumb Code     0  libinit2.o(.ARM.Collect$$libinit$$00000032)
    __rt_lib_init_exceptions_1               0x08000163   Thumb Code     0  libinit2.o(.ARM.Collect$$libinit$$00000030)
    __rt_lib_init_fp_1                       0x08000163   Thumb Code     0  libinit2.o(.ARM.Collect$$libinit$$00000002)
    __rt_lib_init_fp_trap_1                  0x08000163   Thumb Code     0  libinit2.o(.ARM.Collect$$libinit$$0000001F)
    __rt_lib_init_getenv_1                   0x08000163   Thumb Code     0  libinit2.o(.ARM.Collect$$libinit$$00000023)
    __rt_lib_init_heap_1                     0x08000163   Thumb Code     0  libinit2.o(.ARM.Collect$$libinit$$0000000A)
    __rt_lib_init_lc_collate_1               0x08000163   Thumb Code     0  libinit2.o(.ARM.Collect$$libinit$$00000011)
    __rt_lib_init_lc_ctype_1                 0x08000163   Thumb Code     0  libinit2.o(.ARM.Collect$$libinit$$00000013)
    __rt_lib_init_lc_monetary_1              0x08000163   Thumb Code     0  libinit2.o(.ARM.Collect$$libinit$$00000015)
    __rt_lib_init_lc_numeric_1               0x08000163   Thumb Code     0  libinit2.o(.ARM.Collect$$libinit$$00000017)
    __rt_lib_init_lc_time_1                  0x08000163   Thumb Code     0  libinit2.o(.ARM.Collect$$libinit$$00000019)
    __rt_lib_init_preinit_1                  0x08000163   Thumb Code     0  libinit2.o(.ARM.Collect$$libinit$$00000004)
    __rt_lib_init_rand_1                     0x08000163   Thumb Code     0  libinit2.o(.ARM.Collect$$libinit$$0000000E)
    __rt_lib_init_return                     0x08000163   Thumb Code     0  libinit2.o(.ARM.Collect$$libinit$$00000033)
    __rt_lib_init_signal_1                   0x08000163   Thumb Code     0  libinit2.o(.ARM.Collect$$libinit$$0000001D)
    __rt_lib_init_stdio_1                    0x08000163   Thumb Code     0  libinit2.o(.ARM.Collect$$libinit$$00000025)
    __rt_lib_init_user_alloc_1               0x08000163   Thumb Code     0  libinit2.o(.ARM.Collect$$libinit$$0000000C)
    __rt_lib_shutdown                        0x08000165   Thumb Code     0  libshutdown.o(.ARM.Collect$$libshutdown$$00000000)
    __rt_lib_shutdown_cpp_1                  0x08000167   Thumb Code     0  libshutdown2.o(.ARM.Collect$$libshutdown$$00000004)
    __rt_lib_shutdown_fini_1                 0x08000167   Thumb Code     0  libshutdown2.o(.ARM.Collect$$libshutdown$$00000002)
    __rt_lib_shutdown_fp_trap_1              0x08000167   Thumb Code     0  libshutdown2.o(.ARM.Collect$$libshutdown$$00000009)
    __rt_lib_shutdown_heap_1                 0x08000167   Thumb Code     0  libshutdown2.o(.ARM.Collect$$libshutdown$$00000011)
    __rt_lib_shutdown_return                 0x08000167   Thumb Code     0  libshutdown2.o(.ARM.Collect$$libshutdown$$00000012)
    __rt_lib_shutdown_signal_1               0x08000167   Thumb Code     0  libshutdown2.o(.ARM.Collect$$libshutdown$$0000000C)
    __rt_lib_shutdown_stdio_1                0x08000167   Thumb Code     0  libshutdown2.o(.ARM.Collect$$libshutdown$$00000006)
    __rt_lib_shutdown_user_alloc_1           0x08000167   Thumb Code     0  libshutdown2.o(.ARM.Collect$$libshutdown$$0000000E)
    __rt_entry                               0x08000169   Thumb Code     0  __rtentry.o(.ARM.Collect$$rtentry$$00000000)
    __rt_entry_presh_1                       0x08000169   Thumb Code     0  __rtentry2.o(.ARM.Collect$$rtentry$$00000002)
    __rt_entry_sh                            0x08000169   Thumb Code     0  __rtentry4.o(.ARM.Collect$$rtentry$$00000004)
    __rt_entry_li                            0x0800016f   Thumb Code     0  __rtentry2.o(.ARM.Collect$$rtentry$$0000000A)
    __rt_entry_postsh_1                      0x0800016f   Thumb Code     0  __rtentry2.o(.ARM.Collect$$rtentry$$00000009)
    __rt_entry_postli_1                      0x08000173   Thumb Code     0  __rtentry2.o(.ARM.Collect$$rtentry$$0000000B)
    __rt_entry_main                          0x0800017b   Thumb Code     0  __rtentry2.o(.ARM.Collect$$rtentry$$0000000D)
    __rt_exit                                0x08000183   Thumb Code     0  rtexit.o(.ARM.Collect$$rtexit$$00000000)
    __rt_exit_ls                             0x08000185   Thumb Code     0  rtexit2.o(.ARM.Collect$$rtexit$$00000003)
    __rt_exit_prels_1                        0x08000185   Thumb Code     0  rtexit2.o(.ARM.Collect$$rtexit$$00000002)
    __rt_exit_exit                           0x08000189   Thumb Code     0  rtexit2.o(.ARM.Collect$$rtexit$$00000004)
    _platform_post_lib_init                  0x08000191   Thumb Code    24  rtx_conf_cm.o(.emb_text)
    rt_set_PSP                               0x080001ad   Thumb Code     6  hal_cm3.o(.emb_text)
    rt_get_PSP                               0x080001b3   Thumb Code     6  hal_cm3.o(.emb_text)
    os_set_env                               0x080001b9   Thumb Code    24  hal_cm3.o(.emb_text)
    _alloc_box                               0x080001d5   Thumb Code    28  hal_cm3.o(.emb_text)
    _free_box                                0x080001f5   Thumb Code    28  hal_cm3.o(.emb_text)
    SVC_Handler                              0x08000215   Thumb Code   108  hal_cm3.o(.emb_text)
    PendSV_Handler                           0x0800028d   Thumb Code    56  hal_cm3.o(.emb_text)
    SysTick_Handler                          0x080002c9   Thumb Code     8  hal_cm3.o(.emb_text)
    OS_Tick_Handler                          0x080002d1   Thumb Code    12  hal_cm3.o(.emb_text)
    put                                      0x080002dd   Thumb Code    68  main.o(.text)
    get                                      0x08000321   Thumb Code    76  main.o(.text)
    Producer                                 0x0800036d   Thumb Code    66  main.o(.text)
    Consumer1                                0x080003af   Thumb Code    64  main.o(.text)
    Consumer2                                0x080003ef   Thumb Code    64  main.o(.text)
    ShowMes                                  0x0800042f   Thumb Code   408  main.o(.text)
    main                                     0x080005c7   Thumb Code   112  main.o(.text)
    USART1_Init                              0x080006d1   Thumb Code   136  uart.o(.text)
    SendChar                                 0x08000759   Thumb Code    28  uart.o(.text)
    GetKey                                   0x08000775   Thumb Code    28  uart.o(.text)
    test                                     0x080007a1   Thumb Code     4  test.o(.text)
    os_idle_demon                            0x080007b5   Thumb Code     4  rtx_conf_cm.o(.text)
    os_error                                 0x080007b9   Thumb Code    26  rtx_conf_cm.o(.text)
    __user_perthread_libspace                0x080007d3   Thumb Code    32  rtx_conf_cm.o(.text)
    _mutex_initialize                        0x080007f3   Thumb Code    34  rtx_conf_cm.o(.text)
    _mutex_acquire                           0x08000815   Thumb Code    22  rtx_conf_cm.o(.text)
    _mutex_release                           0x0800082b   Thumb Code    18  rtx_conf_cm.o(.text)
    Reset_Handler                            0x08000859   Thumb Code     8  startup_stm32f10x_md.o(.text)
    NMI_Handler                              0x08000861   Thumb Code     2  startup_stm32f10x_md.o(.text)
    HardFault_Handler                        0x08000863   Thumb Code     2  startup_stm32f10x_md.o(.text)
    MemManage_Handler                        0x08000865   Thumb Code     2  startup_stm32f10x_md.o(.text)
    BusFault_Handler                         0x08000867   Thumb Code     2  startup_stm32f10x_md.o(.text)
    UsageFault_Handler                       0x08000869   Thumb Code     2  startup_stm32f10x_md.o(.text)
    DebugMon_Handler                         0x0800086d   Thumb Code     2  startup_stm32f10x_md.o(.text)
    ADC1_2_IRQHandler                        0x08000873   Thumb Code     0  startup_stm32f10x_md.o(.text)
    CAN1_RX1_IRQHandler                      0x08000873   Thumb Code     0  startup_stm32f10x_md.o(.text)
    CAN1_SCE_IRQHandler                      0x08000873   Thumb Code     0  startup_stm32f10x_md.o(.text)
    DMA1_Channel1_IRQHandler                 0x08000873   Thumb Code     0  startup_stm32f10x_md.o(.text)
    DMA1_Channel2_IRQHandler                 0x08000873   Thumb Code     0  startup_stm32f10x_md.o(.text)
    DMA1_Channel3_IRQHandler                 0x08000873   Thumb Code     0  startup_stm32f10x_md.o(.text)
    DMA1_Channel4_IRQHandler                 0x08000873   Thumb Code     0  startup_stm32f10x_md.o(.text)
    DMA1_Channel5_IRQHandler                 0x08000873   Thumb Code     0  startup_stm32f10x_md.o(.text)
    DMA1_Channel6_IRQHandler                 0x08000873   Thumb Code     0  startup_stm32f10x_md.o(.text)
    DMA1_Channel7_IRQHandler                 0x08000873   Thumb Code     0  startup_stm32f10x_md.o(.text)
    EXTI0_IRQHandler                         0x08000873   Thumb Code     0  startup_stm32f10x_md.o(.text)
    EXTI15_10_IRQHandler                     0x08000873   Thumb Code     0  startup_stm32f10x_md.o(.text)
    EXTI1_IRQHandler                         0x08000873   Thumb Code     0  startup_stm32f10x_md.o(.text)
    EXTI2_IRQHandler                         0x08000873   Thumb Code     0  startup_stm32f10x_md.o(.text)
    EXTI3_IRQHandler                         0x08000873   Thumb Code     0  startup_stm32f10x_md.o(.text)
    EXTI4_IRQHandler                         0x08000873   Thumb Code     0  startup_stm32f10x_md.o(.text)
    EXTI9_5_IRQHandler                       0x08000873   Thumb Code     0  startup_stm32f10x_md.o(.text)
    FLASH_IRQHandler                         0x08000873   Thumb Code     0  startup_stm32f10x_md.o(.text)
    I2C1_ER_IRQHandler                       0x08000873   Thumb Code     0  startup_stm32f10x_md.o(.text)
    I2C1_EV_IRQHandler                       0x08000873   Thumb Code     0  startup_stm32f10x_md.o(.text)
    I2C2_ER_IRQHandler                       0x08000873   Thumb Code     0  startup_stm32f10x_md.o(.text)
    I2C2_EV_IRQHandler                       0x08000873   Thumb Code     0  startup_stm32f10x_md.o(.text)
    PVD_IRQHandler                           0x08000873   Thumb Code     0  startup_stm32f10x_md.o(.text)
    RCC_IRQHandler                           0x08000873   Thumb Code     0  startup_stm32f10x_md.o(.text)
    RTCAlarm_IRQHandler                      0x08000873   Thumb Code     0  startup_stm32f10x_md.o(.text)
    RTC_IRQHandler                           0x08000873   Thumb Code     0  startup_stm32f10x_md.o(.text)
    SPI1_IRQHandler                          0x08000873   Thumb Code     0  startup_stm32f10x_md.o(.text)
    SPI2_IRQHandler                          0x08000873   Thumb Code     0  startup_stm32f10x_md.o(.text)
    TAMPER_IRQHandler                        0x08000873   Thumb Code     0  startup_stm32f10x_md.o(.text)
    TIM1_BRK_IRQHandler                      0x08000873   Thumb Code     0  startup_stm32f10x_md.o(.text)
    TIM1_CC_IRQHandler                       0x08000873   Thumb Code     0  startup_stm32f10x_md.o(.text)
    TIM1_TRG_COM_IRQHandler                  0x08000873   Thumb Code     0  startup_stm32f10x_md.o(.text)
    TIM1_UP_IRQHandler                       0x08000873   Thumb Code     0  startup_stm32f10x_md.o(.text)
    TIM2_IRQHandler                          0x08000873   Thumb Code     0  startup_stm32f10x_md.o(.text)
    TIM3_IRQHandler                          0x08000873   Thumb Code     0  startup_stm32f10x_md.o(.text)
    TIM4_IRQHandler                          0x08000873   Thumb Code     0  startup_stm32f10x_md.o(.text)
    USART1_IRQHandler                        0x08000873   Thumb Code     0  startup_stm32f10x_md.o(.text)
    USART2_IRQHandler                        0x08000873   Thumb Code     0  startup_stm32f10x_md.o(.text)
    USART3_IRQHandler                        0x08000873   Thumb Code     0  startup_stm32f10x_md.o(.text)
    USBWakeUp_IRQHandler                     0x08000873   Thumb Code     0  startup_stm32f10x_md.o(.text)
    USB_HP_CAN1_TX_IRQHandler                0x08000873   Thumb Code     0  startup_stm32f10x_md.o(.text)
    USB_LP_CAN1_RX0_IRQHandler               0x08000873   Thumb Code     0  startup_stm32f10x_md.o(.text)
    WWDG_IRQHandler                          0x08000873   Thumb Code     0  startup_stm32f10x_md.o(.text)
    __user_initial_stackheap                 0x08000875   Thumb Code     0  startup_stm32f10x_md.o(.text)
    SystemInit                               0x08000977   Thumb Code    78  system_stm32f10x.o(.text)
    SystemCoreClockUpdate                    0x080009c5   Thumb Code   142  system_stm32f10x.o(.text)
    __user_libspace                          0x08000a79   Thumb Code     8  libspace.o(.text)
    __user_perproc_libspace                  0x08000a79   Thumb Code     0  libspace.o(.text)
    __2sprintf                               0x08000a81   Thumb Code    34  noretval__2sprintf.o(.text)
    exit                                     0x08000aa9   Thumb Code    18  exit.o(.text)
    __use_two_region_memory                  0x08000abb   Thumb Code     2  heapauxi.o(.text)
    __rt_heap_escrow$2region                 0x08000abd   Thumb Code     2  heapauxi.o(.text)
    __rt_heap_expand$2region                 0x08000abf   Thumb Code     2  heapauxi.o(.text)
    _printf_char_common                      0x08000acb   Thumb Code    32  _printf_char_common.o(.text)
    _sputc                                   0x08000af1   Thumb Code    10  _sputc.o(.text)
    __printf                                 0x08000afb   Thumb Code    40  __printf_nopercent.o(.text)
    _sys_exit                                0x08000b25   Thumb Code     8  sys_exit.o(.text)
    __user_setup_stackheap                   0x08000b31   Thumb Code    74  sys_stackheap_outer.o(.text)
    __I$use$semihosting                      0x08000b7b   Thumb Code     0  use_no_semi.o(.text)
    __use_no_semihosting_swi                 0x08000b7b   Thumb Code     2  use_no_semi.o(.text)
    SVC_Count                                0x08000b7c   Data           4  svc_table.o(SVC_TABLE)
    __semihosting_library_function           0x08000b7d   Thumb Code     0  indicate_semi.o(.text)
    SVC_Table                                0x08000b80   Data           0  svc_table.o(SVC_TABLE)
    _init_box                                0x08000b81   Thumb Code    70  rt_membox.o(i._init_box)
    dbg_init                                 0x08000bc9   Thumb Code    34  hal_cm.o(i.dbg_init)
    dbg_task_notify                          0x08000bf9   Thumb Code    32  hal_cm.o(i.dbg_task_notify)
    dbg_task_switch                          0x08000c19   Thumb Code    16  hal_cm.o(i.dbg_task_switch)
    isrMessageGet                            0x08000c29   Thumb Code    42  rt_cmsis.o(i.isrMessageGet)
    isrMessagePut                            0x08000c53   Thumb Code    44  rt_cmsis.o(i.isrMessagePut)
    isrSemaphoreRelease                      0x08000c7f   Thumb Code    40  rt_cmsis.o(i.isrSemaphoreRelease)
    isr_mbx_receive                          0x08000ca9   Thumb Code    86  rt_mailbox.o(i.isr_mbx_receive)
    isr_mbx_send                             0x08000cff   Thumb Code    14  rt_mailbox.o(i.isr_mbx_send)
    isr_sem_send                             0x08000d0d   Thumb Code    16  rt_semaphore.o(i.isr_sem_send)
    osKernelInitialize                       0x08000d1d   Thumb Code    30  rt_cmsis.o(i.osKernelInitialize)
    osKernelStart                            0x08000d41   Thumb Code    98  rt_cmsis.o(i.osKernelStart)
    osMessageCreate                          0x08000dad   Thumb Code    36  rt_cmsis.o(i.osMessageCreate)
    osMessageGet                             0x08000dd9   Thumb Code    18  rt_cmsis.o(i.osMessageGet)
    osMessagePut                             0x08000df1   Thumb Code    18  rt_cmsis.o(i.osMessagePut)
    osMutexCreate                            0x08000e09   Thumb Code    36  rt_cmsis.o(i.osMutexCreate)
    osMutexRelease                           0x08000e35   Thumb Code    18  rt_cmsis.o(i.osMutexRelease)
    osMutexWait                              0x08000e4d   Thumb Code    18  rt_cmsis.o(i.osMutexWait)
    osSemaphoreCreate                        0x08000e65   Thumb Code    36  rt_cmsis.o(i.osSemaphoreCreate)
    osSemaphoreRelease                       0x08000e91   Thumb Code    18  rt_cmsis.o(i.osSemaphoreRelease)
    osSemaphoreWait                          0x08000ea9   Thumb Code    20  rt_cmsis.o(i.osSemaphoreWait)
    osThreadCreate                           0x08000ec1   Thumb Code    36  rt_cmsis.o(i.osThreadCreate)
    osThreadExit                             0x08000eed   Thumb Code    14  rt_cmsis.o(i.osThreadExit)
    osTimerCall                              0x08000f05   Thumb Code     8  rt_cmsis.o(i.osTimerCall)
    osTimerThread                            0x08000f11   Thumb Code    38  rt_cmsis.o(i.osTimerThread)
    os_tick_init                             0x08000f3d   Thumb Code    32  rt_system.o(i.os_tick_init)
    os_tick_irqack                           0x08000f65   Thumb Code     2  rt_system.o(i.os_tick_irqack)
    rt_alloc_box                             0x08000f67   Thumb Code    26  rt_membox.o(i.rt_alloc_box)
    rt_alloc_mem                             0x08000f81   Thumb Code    62  rt_memory.o(i.rt_alloc_mem)
    rt_block                                 0x08000fc1   Thumb Code    48  rt_task.o(i.rt_block)
    rt_chk_robin                             0x08000ff9   Thumb Code    60  rt_robin.o(i.rt_chk_robin)
    rt_dec_dly                               0x08001041   Thumb Code   102  rt_list.o(i.rt_dec_dly)
    rt_dispatch                              0x080010b1   Thumb Code    60  rt_task.o(i.rt_dispatch)
    rt_evt_psh                               0x080010f5   Thumb Code    76  rt_event.o(i.rt_evt_psh)
    rt_free_box                              0x08001145   Thumb Code    44  rt_membox.o(i.rt_free_box)
    rt_free_mem                              0x08001171   Thumb Code    40  rt_memory.o(i.rt_free_mem)
    rt_get_first                             0x08001199   Thumb Code    40  rt_list.o(i.rt_get_first)
    rt_init_mem                              0x08001211   Thumb Code    26  rt_memory.o(i.rt_init_mem)
    rt_init_robin                            0x0800122d   Thumb Code    14  rt_robin.o(i.rt_init_robin)
    rt_init_stack                            0x08001245   Thumb Code   118  hal_cm.o(i.rt_init_stack)
    rt_mbx_check                             0x080012c5   Thumb Code     8  rt_mailbox.o(i.rt_mbx_check)
    rt_mbx_init                              0x080012cd   Thumb Code    26  rt_mailbox.o(i.rt_mbx_init)
    rt_mbx_psh                               0x080012e9   Thumb Code   236  rt_mailbox.o(i.rt_mbx_psh)
    rt_mbx_send                              0x080013d9   Thumb Code   148  rt_mailbox.o(i.rt_mbx_send)
    rt_mbx_wait                              0x08001471   Thumb Code   174  rt_mailbox.o(i.rt_mbx_wait)
    rt_mut_init                              0x08001569   Thumb Code    16  rt_mutex.o(i.rt_mut_init)
    rt_mut_release                           0x08001579   Thumb Code   208  rt_mutex.o(i.rt_mut_release)
    rt_mut_wait                              0x08001651   Thumb Code   114  rt_mutex.o(i.rt_mut_wait)
    rt_pop_req                               0x080016c9   Thumb Code   112  rt_system.o(i.rt_pop_req)
    rt_psh_req                               0x08001745   Thumb Code    22  rt_system.o(i.rt_psh_req)
    rt_psq_enq                               0x08001765   Thumb Code    88  rt_list.o(i.rt_psq_enq)
    rt_put_dly                               0x080017c1   Thumb Code    68  rt_list.o(i.rt_put_dly)
    rt_put_prio                              0x08001809   Thumb Code    54  rt_list.o(i.rt_put_prio)
    rt_put_rdy_first                         0x08001841   Thumb Code    14  rt_list.o(i.rt_put_rdy_first)
    rt_resort_prio                           0x08001855   Thumb Code    46  rt_list.o(i.rt_resort_prio)
    rt_ret_val                               0x08001889   Thumb Code     6  hal_cm.o(i.rt_ret_val)
    rt_ret_val2                              0x0800188f   Thumb Code     8  hal_cm.o(i.rt_ret_val2)
    rt_rmv_dly                               0x08001897   Thumb Code    40  rt_list.o(i.rt_rmv_dly)
    rt_rmv_list                              0x080018c1   Thumb Code    44  rt_list.o(i.rt_rmv_list)
    rt_sem_init                              0x080018f1   Thumb Code    12  rt_semaphore.o(i.rt_sem_init)
    rt_sem_psh                               0x080018fd   Thumb Code    48  rt_semaphore.o(i.rt_sem_psh)
    rt_sem_send                              0x08001931   Thumb Code    42  rt_semaphore.o(i.rt_sem_send)
    rt_sem_wait                              0x0800195d   Thumb Code    58  rt_semaphore.o(i.rt_sem_wait)
    rt_stk_check                             0x0800199d   Thumb Code    28  rt_system.o(i.rt_stk_check)
    rt_switch_req                            0x080019c1   Thumb Code    30  rt_task.o(i.rt_switch_req)
    rt_sys_init                              0x080019e9   Thumb Code   138  rt_task.o(i.rt_sys_init)
    rt_sys_start                             0x08001ab5   Thumb Code   110  rt_task.o(i.rt_sys_start)
    rt_systick                               0x08001b2d   Thumb Code    50  rt_system.o(i.rt_systick)
    rt_tsk_create                            0x08001bb5   Thumb Code   118  rt_task.o(i.rt_tsk_create)
    rt_tsk_delete                            0x08001c3d   Thumb Code   352  rt_task.o(i.rt_tsk_delete)
    rt_tsk_prio                              0x08001db9   Thumb Code   108  rt_task.o(i.rt_tsk_prio)
    rt_tsk_self                              0x08001e35   Thumb Code    12  rt_task.o(i.rt_tsk_self)
    svcKernelInitialize                      0x08001e45   Thumb Code    80  rt_cmsis.o(i.svcKernelInitialize)
    svcKernelStart                           0x08001eb5   Thumb Code    62  rt_cmsis.o(i.svcKernelStart)
    svcMessageCreate                         0x08001efd   Thumb Code    36  rt_cmsis.o(i.svcMessageCreate)
    svcMessageGet                            0x08001f21   Thumb Code    58  rt_cmsis.o(i.svcMessageGet)
    svcMessagePut                            0x08001f5b   Thumb Code    54  rt_cmsis.o(i.svcMessagePut)
    svcMutexCreate                           0x08001f91   Thumb Code    28  rt_cmsis.o(i.svcMutexCreate)
    svcMutexRelease                          0x08001fad   Thumb Code    34  rt_cmsis.o(i.svcMutexRelease)
    svcMutexWait                             0x08001fcf   Thumb Code    58  rt_cmsis.o(i.svcMutexWait)
    svcSemaphoreCreate                       0x08002009   Thumb Code    36  rt_cmsis.o(i.svcSemaphoreCreate)
    svcSemaphoreRelease                      0x0800202d   Thumb Code    40  rt_cmsis.o(i.svcSemaphoreRelease)
    svcSemaphoreWait                         0x08002055   Thumb Code    50  rt_cmsis.o(i.svcSemaphoreWait)
    svcThreadCreate                          0x08002089   Thumb Code    96  rt_cmsis.o(i.svcThreadCreate)
    svcThreadGetId                           0x080020f5   Thumb Code    22  rt_cmsis.o(i.svcThreadGetId)
    svcThreadTerminate                       0x08002111   Thumb Code    50  rt_cmsis.o(i.svcThreadTerminate)
    svcTimerCall                             0x08002149   Thumb Code    24  rt_cmsis.o(i.svcTimerCall)
    sysTimerTick                             0x08002161   Thumb Code    84  rt_cmsis.o(i.sysTimerTick)
    os_thread_def_Producer                   0x080021bc   Data          16  main.o(.constdata)
    os_thread_def_Consumer1                  0x080021cc   Data          16  main.o(.constdata)
    os_thread_def_Consumer2                  0x080021dc   Data          16  main.o(.constdata)
    os_thread_def_ShowMes                    0x080021ec   Data          16  main.o(.constdata)
    os_messageQ_def_Q_LED                    0x080021fc   Data           8  main.o(.constdata)
    os_mutex_def_x_mutex                     0x08002204   Data           4  main.o(.constdata)
    os_semaphore_def_SEMitem                 0x08002208   Data           4  main.o(.constdata)
    os_semaphore_def_SEMspace                0x0800220c   Data           4  main.o(.constdata)
    N                                        0x08002210   Data           4  main.o(.constdata)
    os_maxtaskrun                            0x08002214   Data           2  rtx_conf_cm.o(.constdata)
    os_stackinfo                             0x08002218   Data           4  rtx_conf_cm.o(.constdata)
    os_rrobin                                0x0800221c   Data           4  rtx_conf_cm.o(.constdata)
    os_tickfreq                              0x08002220   Data           4  rtx_conf_cm.o(.constdata)
    os_tickus_i                              0x08002224   Data           2  rtx_conf_cm.o(.constdata)
    os_tickus_f                              0x08002226   Data           2  rtx_conf_cm.o(.constdata)
    os_trv                                   0x08002228   Data           4  rtx_conf_cm.o(.constdata)
    os_flags                                 0x0800222c   Data           1  rtx_conf_cm.o(.constdata)
    CMSIS_RTOS_API_Version                   0x08002230   Data           4  rtx_conf_cm.o(.constdata)
    CMSIS_RTOS_RTX_Version                   0x08002234   Data           4  rtx_conf_cm.o(.constdata)
    os_clockrate                             0x08002238   Data           4  rtx_conf_cm.o(.constdata)
    os_timernum                              0x0800223c   Data           4  rtx_conf_cm.o(.constdata)
    mp_tcb_size                              0x08002240   Data           2  rtx_conf_cm.o(.constdata)
    mp_stk_size                              0x08002244   Data           4  rtx_conf_cm.o(.constdata)
    os_stack_sz                              0x08002248   Data           4  rtx_conf_cm.o(.constdata)
    os_fifo_size                             0x0800224c   Data           1  rtx_conf_cm.o(.constdata)
    os_thread_def_osTimerThread              0x08002250   Data          16  rtx_conf_cm.o(.constdata)
    os_messageQ_def_osTimerMessageQ          0x08002260   Data           8  rtx_conf_cm.o(.constdata)
    mp_tmr_size                              0x08002268   Data           2  rtx_conf_cm.o(.constdata)
    os_thread_def_main                       0x0800226c   Data          16  rtx_conf_cm.o(.constdata)
    Region$$Table$$Base                      0x0800227c   Number         0  anon$$obj.o(Region$$Table)
    Region$$Table$$Limit                     0x0800229c   Number         0  anon$$obj.o(Region$$Table)
    T_pro                                    0x20000000   Data           4  main.o(.data)
    T_con1                                   0x20000004   Data           4  main.o(.data)
    T_con2                                   0x20000008   Data           4  main.o(.data)
    T_show                                   0x2000000c   Data           4  main.o(.data)
    Q_LED                                    0x20000010   Data           4  main.o(.data)
    x_mutex                                  0x20000014   Data           4  main.o(.data)
    SEMitem                                  0x20000018   Data           4  main.o(.data)
    os_semaphore_cb_SEMitem                  0x2000001c   Data           8  main.o(.data)
    SEMspace                                 0x20000024   Data           4  main.o(.data)
    os_semaphore_cb_SEMspace                 0x20000028   Data           8  main.o(.data)
    buffer                                   0x20000030   Data           8  main.o(.data)
    tail                                     0x20000038   Data           4  main.o(.data)
    head                                     0x2000003c   Data           4  main.o(.data)
    i                                        0x20000040   Data           4  main.o(.data)
    j                                        0x20000044   Data           4  main.o(.data)
    k                                        0x20000048   Data           4  main.o(.data)
    loopcount                                0x2000004c   Data           4  main.o(.data)
    n                                        0x20000050   Data           4  main.o(.data)
    osThreadId_osTimerThread                 0x20000054   Data           4  rtx_conf_cm.o(.data)
    osMessageQId_osTimerMessageQ             0x20000058   Data           4  rtx_conf_cm.o(.data)
    os_tmr                                   0x2000005c   Data           4  rtx_conf_cm.o(.data)
    m_tmr                                    0x20000060   Data           4  rtx_conf_cm.o(.data)
    SystemCoreClock                          0x20000068   Data           4  system_stm32f10x.o(.data)
    AHBPrescTable                            0x2000006c   Data          16  system_stm32f10x.o(.data)
    os_initialized                           0x2000007c   Data           1  rt_cmsis.o(.data)
    os_running                               0x2000007d   Data           1  rt_cmsis.o(.data)
    os_timer_head                            0x20000080   Data           4  rt_cmsis.o(.data)
    os_tsk                                   0x20000084   Data           8  rt_task.o(.data)
    os_tick_irqn                             0x20000090   Data           4  rt_system.o(.data)
    os_time                                  0x20000094   Data           4  rt_time.o(.data)
    os_robin                                 0x20000098   Data           8  rt_robin.o(.data)
    dbg_msg                                  0x200000a0   Data           1  hal_cm.o(.data)
    os_messageQ_q_Q_LED                      0x200000a4   Data         104  main.o(.bss)
    result                                   0x2000010c   Data          12  main.o(.bss)
    os_mutex_cb_x_mutex                      0x20000118   Data          16  main.o(.bss)
    mp_tcb                                   0x20000128   Data         376  rtx_conf_cm.o(.bss)
    mp_stk                                   0x200002a0   Data        1216  rtx_conf_cm.o(.bss)
    os_stack_mem                             0x20000760   Data         432  rtx_conf_cm.o(.bss)
    os_fifo                                  0x20000910   Data         132  rtx_conf_cm.o(.bss)
    os_active_TCB                            0x20000994   Data          28  rtx_conf_cm.o(.bss)
    os_messageQ_q_osTimerMessageQ            0x200009b0   Data          32  rtx_conf_cm.o(.bss)
    os_idle_TCB                              0x20000cf0   Data          52  rt_task.o(.bss)
    os_rdy                                   0x20000d24   Data          24  rt_list.o(.bss)
    os_dly                                   0x20000d3c   Data          24  rt_list.o(.bss)
    __libspace_start                         0x20000d54   Data          96  libspace.o(.bss)
    __temporary_stack_top$libspace           0x20000db4   Data           0  libspace.o(.bss)



==============================================================================

Memory Map of the image

  Image Entry point : 0x080000ed

  Load Region LR_IROM1 (Base: 0x08000000, Size: 0x00002340, Max: 0x00020000, ABSOLUTE)

    Execution Region ER_IROM1 (Exec base: 0x08000000, Load base: 0x08000000, Size: 0x0000229c, Max: 0x00020000, ABSOLUTE)

    Exec Addr    Load Addr    Size         Type   Attr      Idx    E Section Name        Object

    0x08000000   0x08000000   0x000000ec   Data   RO          218    RESET               startup_stm32f10x_md.o
    0x080000ec   0x080000ec   0x00000008   Code   RO         1479  * !!!main             c_w.l(__main.o)
    0x080000f4   0x080000f4   0x00000034   Code   RO         1648    !!!scatter          c_w.l(__scatter.o)
    0x08000128   0x08000128   0x0000001a   Code   RO         1650    !!handler_copy      c_w.l(__scatter_copy.o)
    0x08000142   0x08000142   0x00000002   PAD
    0x08000144   0x08000144   0x0000001c   Code   RO         1652    !!handler_zi        c_w.l(__scatter_zi.o)
    0x08000160   0x08000160   0x00000002   Code   RO         1532    .ARM.Collect$$libinit$$00000000  c_w.l(libinit.o)
    0x08000162   0x08000162   0x00000000   Code   RO         1544    .ARM.Collect$$libinit$$00000002  c_w.l(libinit2.o)
    0x08000162   0x08000162   0x00000000   Code   RO         1546    .ARM.Collect$$libinit$$00000004  c_w.l(libinit2.o)
    0x08000162   0x08000162   0x00000000   Code   RO         1549    .ARM.Collect$$libinit$$0000000A  c_w.l(libinit2.o)
    0x08000162   0x08000162   0x00000000   Code   RO         1551    .ARM.Collect$$libinit$$0000000C  c_w.l(libinit2.o)
    0x08000162   0x08000162   0x00000000   Code   RO         1553    .ARM.Collect$$libinit$$0000000E  c_w.l(libinit2.o)
    0x08000162   0x08000162   0x00000000   Code   RO         1556    .ARM.Collect$$libinit$$00000011  c_w.l(libinit2.o)
    0x08000162   0x08000162   0x00000000   Code   RO         1558    .ARM.Collect$$libinit$$00000013  c_w.l(libinit2.o)
    0x08000162   0x08000162   0x00000000   Code   RO         1560    .ARM.Collect$$libinit$$00000015  c_w.l(libinit2.o)
    0x08000162   0x08000162   0x00000000   Code   RO         1562    .ARM.Collect$$libinit$$00000017  c_w.l(libinit2.o)
    0x08000162   0x08000162   0x00000000   Code   RO         1564    .ARM.Collect$$libinit$$00000019  c_w.l(libinit2.o)
    0x08000162   0x08000162   0x00000000   Code   RO         1566    .ARM.Collect$$libinit$$0000001B  c_w.l(libinit2.o)
    0x08000162   0x08000162   0x00000000   Code   RO         1568    .ARM.Collect$$libinit$$0000001D  c_w.l(libinit2.o)
    0x08000162   0x08000162   0x00000000   Code   RO         1570    .ARM.Collect$$libinit$$0000001F  c_w.l(libinit2.o)
    0x08000162   0x08000162   0x00000000   Code   RO         1572    .ARM.Collect$$libinit$$00000021  c_w.l(libinit2.o)
    0x08000162   0x08000162   0x00000000   Code   RO         1574    .ARM.Collect$$libinit$$00000023  c_w.l(libinit2.o)
    0x08000162   0x08000162   0x00000000   Code   RO         1576    .ARM.Collect$$libinit$$00000025  c_w.l(libinit2.o)
    0x08000162   0x08000162   0x00000000   Code   RO         1580    .ARM.Collect$$libinit$$0000002C  c_w.l(libinit2.o)
    0x08000162   0x08000162   0x00000000   Code   RO         1582    .ARM.Collect$$libinit$$0000002E  c_w.l(libinit2.o)
    0x08000162   0x08000162   0x00000000   Code   RO         1584    .ARM.Collect$$libinit$$00000030  c_w.l(libinit2.o)
    0x08000162   0x08000162   0x00000000   Code   RO         1586    .ARM.Collect$$libinit$$00000032  c_w.l(libinit2.o)
    0x08000162   0x08000162   0x00000002   Code   RO         1587    .ARM.Collect$$libinit$$00000033  c_w.l(libinit2.o)
    0x08000164   0x08000164   0x00000002   Code   RO         1533    .ARM.Collect$$libshutdown$$00000000  c_w.l(libshutdown.o)
    0x08000166   0x08000166   0x00000000   Code   RO         1589    .ARM.Collect$$libshutdown$$00000002  c_w.l(libshutdown2.o)
    0x08000166   0x08000166   0x00000000   Code   RO         1591    .ARM.Collect$$libshutdown$$00000004  c_w.l(libshutdown2.o)
    0x08000166   0x08000166   0x00000000   Code   RO         1593    .ARM.Collect$$libshutdown$$00000006  c_w.l(libshutdown2.o)
    0x08000166   0x08000166   0x00000000   Code   RO         1596    .ARM.Collect$$libshutdown$$00000009  c_w.l(libshutdown2.o)
    0x08000166   0x08000166   0x00000000   Code   RO         1599    .ARM.Collect$$libshutdown$$0000000C  c_w.l(libshutdown2.o)
    0x08000166   0x08000166   0x00000000   Code   RO         1601    .ARM.Collect$$libshutdown$$0000000E  c_w.l(libshutdown2.o)
    0x08000166   0x08000166   0x00000000   Code   RO         1604    .ARM.Collect$$libshutdown$$00000011  c_w.l(libshutdown2.o)
    0x08000166   0x08000166   0x00000002   Code   RO         1605    .ARM.Collect$$libshutdown$$00000012  c_w.l(libshutdown2.o)
    0x08000168   0x08000168   0x00000000   Code   RO         1481    .ARM.Collect$$rtentry$$00000000  c_w.l(__rtentry.o)
    0x08000168   0x08000168   0x00000000   Code   RO         1493    .ARM.Collect$$rtentry$$00000002  c_w.l(__rtentry2.o)
    0x08000168   0x08000168   0x00000006   Code   RO         1505    .ARM.Collect$$rtentry$$00000004  c_w.l(__rtentry4.o)
    0x0800016e   0x0800016e   0x00000000   Code   RO         1495    .ARM.Collect$$rtentry$$00000009  c_w.l(__rtentry2.o)
    0x0800016e   0x0800016e   0x00000004   Code   RO         1496    .ARM.Collect$$rtentry$$0000000A  c_w.l(__rtentry2.o)
    0x08000172   0x08000172   0x00000008   Code   RO         1497    .ARM.Collect$$rtentry$$0000000B  c_w.l(__rtentry2.o)
    0x0800017a   0x0800017a   0x00000008   Code   RO         1499    .ARM.Collect$$rtentry$$0000000D  c_w.l(__rtentry2.o)
    0x08000182   0x08000182   0x00000002   Code   RO         1482    .ARM.Collect$$rtexit$$00000000  c_w.l(rtexit.o)
    0x08000184   0x08000184   0x00000000   Code   RO         1508    .ARM.Collect$$rtexit$$00000002  c_w.l(rtexit2.o)
    0x08000184   0x08000184   0x00000004   Code   RO         1509    .ARM.Collect$$rtexit$$00000003  c_w.l(rtexit2.o)
    0x08000188   0x08000188   0x00000006   Code   RO         1510    .ARM.Collect$$rtexit$$00000004  c_w.l(rtexit2.o)
    0x0800018e   0x0800018e   0x00000002   PAD
    0x08000190   0x08000190   0x0000001c   Code   RO          161    .emb_text           rtx_conf_cm.o
    0x080001ac   0x080001ac   0x00000130   Code   RO         1451    .emb_text           RTX_CM3.lib(hal_cm3.o)
    0x080002dc   0x080002dc   0x000003f4   Code   RO            4    .text               main.o
    0x080006d0   0x080006d0   0x000000d0   Code   RO           73    .text               uart.o
    0x080007a0   0x080007a0   0x00000014   Code   RO          104    .text               test.o
    0x080007b4   0x080007b4   0x000000a4   Code   RO          162    .text               rtx_conf_cm.o
    0x08000858   0x08000858   0x00000040   Code   RO          219    .text               startup_stm32f10x_md.o
    0x08000898   0x08000898   0x000001e0   Code   RO          226    .text               system_stm32f10x.o
    0x08000a78   0x08000a78   0x00000008   Code   RO         1466    .text               c_w.l(libspace.o)
    0x08000a80   0x08000a80   0x00000028   Code   RO         1473    .text               c_w.l(noretval__2sprintf.o)
    0x08000aa8   0x08000aa8   0x00000012   Code   RO         1475    .text               c_w.l(exit.o)
    0x08000aba   0x08000aba   0x00000006   Code   RO         1477    .text               c_w.l(heapauxi.o)
    0x08000ac0   0x08000ac0   0x00000030   Code   RO         1488    .text               c_w.l(_printf_char_common.o)
    0x08000af0   0x08000af0   0x0000000a   Code   RO         1490    .text               c_w.l(_sputc.o)
    0x08000afa   0x08000afa   0x00000028   Code   RO         1516    .text               c_w.l(__printf_nopercent.o)
    0x08000b22   0x08000b22   0x00000002   PAD
    0x08000b24   0x08000b24   0x0000000c   Code   RO         1518    .text               c_w.l(sys_exit.o)
    0x08000b30   0x08000b30   0x0000004a   Code   RO         1520    .text               c_w.l(sys_stackheap_outer.o)
    0x08000b7a   0x08000b7a   0x00000002   Code   RO         1534    .text               c_w.l(use_no_semi.o)
    0x08000b7c   0x08000b7c   0x00000000   Code   RO         1536    .text               c_w.l(indicate_semi.o)
    0x08000b7c   0x08000b7c   0x00000004   Code   RO         1461    SVC_TABLE           RTX_CM3.lib(svc_table.o)
    0x08000b80   0x08000b80   0x00000046   Code   RO         1350    i._init_box         RTX_CM3.lib(rt_membox.o)
    0x08000bc6   0x08000bc6   0x00000002   PAD
    0x08000bc8   0x08000bc8   0x00000030   Code   RO         1403    i.dbg_init          RTX_CM3.lib(hal_cm.o)
    0x08000bf8   0x08000bf8   0x00000020   Code   RO         1404    i.dbg_task_notify   RTX_CM3.lib(hal_cm.o)
    0x08000c18   0x08000c18   0x00000010   Code   RO         1405    i.dbg_task_switch   RTX_CM3.lib(hal_cm.o)
    0x08000c28   0x08000c28   0x0000002a   Code   RO          256    i.isrMessageGet     RTX_CM3.lib(rt_cmsis.o)
    0x08000c52   0x08000c52   0x0000002c   Code   RO          257    i.isrMessagePut     RTX_CM3.lib(rt_cmsis.o)
    0x08000c7e   0x08000c7e   0x00000028   Code   RO          258    i.isrSemaphoreRelease  RTX_CM3.lib(rt_cmsis.o)
    0x08000ca6   0x08000ca6   0x00000002   PAD
    0x08000ca8   0x08000ca8   0x00000056   Code   RO         1205    i.isr_mbx_receive   RTX_CM3.lib(rt_mailbox.o)
    0x08000cfe   0x08000cfe   0x0000000e   Code   RO         1206    i.isr_mbx_send      RTX_CM3.lib(rt_mailbox.o)
    0x08000d0c   0x08000d0c   0x00000010   Code   RO         1253    i.isr_sem_send      RTX_CM3.lib(rt_semaphore.o)
    0x08000d1c   0x08000d1c   0x00000024   Code   RO          261    i.osKernelInitialize  RTX_CM3.lib(rt_cmsis.o)
    0x08000d40   0x08000d40   0x0000006c   Code   RO          263    i.osKernelStart     RTX_CM3.lib(rt_cmsis.o)
    0x08000dac   0x08000dac   0x0000002c   Code   RO          271    i.osMessageCreate   RTX_CM3.lib(rt_cmsis.o)
    0x08000dd8   0x08000dd8   0x00000018   Code   RO          272    i.osMessageGet      RTX_CM3.lib(rt_cmsis.o)
    0x08000df0   0x08000df0   0x00000018   Code   RO          273    i.osMessagePut      RTX_CM3.lib(rt_cmsis.o)
    0x08000e08   0x08000e08   0x0000002c   Code   RO          274    i.osMutexCreate     RTX_CM3.lib(rt_cmsis.o)
    0x08000e34   0x08000e34   0x00000018   Code   RO          276    i.osMutexRelease    RTX_CM3.lib(rt_cmsis.o)
    0x08000e4c   0x08000e4c   0x00000018   Code   RO          277    i.osMutexWait       RTX_CM3.lib(rt_cmsis.o)
    0x08000e64   0x08000e64   0x0000002c   Code   RO          282    i.osSemaphoreCreate  RTX_CM3.lib(rt_cmsis.o)
    0x08000e90   0x08000e90   0x00000018   Code   RO          284    i.osSemaphoreRelease  RTX_CM3.lib(rt_cmsis.o)
    0x08000ea8   0x08000ea8   0x00000018   Code   RO          285    i.osSemaphoreWait   RTX_CM3.lib(rt_cmsis.o)
    0x08000ec0   0x08000ec0   0x0000002c   Code   RO          289    i.osThreadCreate    RTX_CM3.lib(rt_cmsis.o)
    0x08000eec   0x08000eec   0x00000018   Code   RO          290    i.osThreadExit      RTX_CM3.lib(rt_cmsis.o)
    0x08000f04   0x08000f04   0x0000000c   Code   RO          296    i.osTimerCall       RTX_CM3.lib(rt_cmsis.o)
    0x08000f10   0x08000f10   0x0000002c   Code   RO          301    i.osTimerThread     RTX_CM3.lib(rt_cmsis.o)
    0x08000f3c   0x08000f3c   0x00000028   Code   RO          997    i.os_tick_init      RTX_CM3.lib(rt_system.o)
    0x08000f64   0x08000f64   0x00000002   Code   RO          998    i.os_tick_irqack    RTX_CM3.lib(rt_system.o)
    0x08000f66   0x08000f66   0x0000001a   Code   RO         1351    i.rt_alloc_box      RTX_CM3.lib(rt_membox.o)
    0x08000f80   0x08000f80   0x0000003e   Code   RO         1379    i.rt_alloc_mem      RTX_CM3.lib(rt_memory.o)
    0x08000fbe   0x08000fbe   0x00000002   PAD
    0x08000fc0   0x08000fc0   0x00000038   Code   RO          878    i.rt_block          RTX_CM3.lib(rt_task.o)
    0x08000ff8   0x08000ff8   0x00000048   Code   RO         1328    i.rt_chk_robin      RTX_CM3.lib(rt_robin.o)
    0x08001040   0x08001040   0x00000070   Code   RO         1129    i.rt_dec_dly        RTX_CM3.lib(rt_list.o)
    0x080010b0   0x080010b0   0x00000044   Code   RO          879    i.rt_dispatch       RTX_CM3.lib(rt_task.o)
    0x080010f4   0x080010f4   0x00000050   Code   RO         1090    i.rt_evt_psh        RTX_CM3.lib(rt_event.o)
    0x08001144   0x08001144   0x0000002c   Code   RO         1352    i.rt_free_box       RTX_CM3.lib(rt_membox.o)
    0x08001170   0x08001170   0x00000028   Code   RO         1380    i.rt_free_mem       RTX_CM3.lib(rt_memory.o)
    0x08001198   0x08001198   0x00000028   Code   RO         1130    i.rt_get_first      RTX_CM3.lib(rt_list.o)
    0x080011c0   0x080011c0   0x00000008   Code   RO          306    i.rt_id2obj         RTX_CM3.lib(rt_cmsis.o)
    0x080011c8   0x080011c8   0x00000048   Code   RO          880    i.rt_init_context   RTX_CM3.lib(rt_task.o)
    0x08001210   0x08001210   0x0000001a   Code   RO         1381    i.rt_init_mem       RTX_CM3.lib(rt_memory.o)
    0x0800122a   0x0800122a   0x00000002   PAD
    0x0800122c   0x0800122c   0x00000018   Code   RO         1329    i.rt_init_robin     RTX_CM3.lib(rt_robin.o)
    0x08001244   0x08001244   0x00000080   Code   RO         1406    i.rt_init_stack     RTX_CM3.lib(hal_cm.o)
    0x080012c4   0x080012c4   0x00000008   Code   RO         1207    i.rt_mbx_check      RTX_CM3.lib(rt_mailbox.o)
    0x080012cc   0x080012cc   0x0000001a   Code   RO         1208    i.rt_mbx_init       RTX_CM3.lib(rt_mailbox.o)
    0x080012e6   0x080012e6   0x00000002   PAD
    0x080012e8   0x080012e8   0x000000f0   Code   RO         1209    i.rt_mbx_psh        RTX_CM3.lib(rt_mailbox.o)
    0x080013d8   0x080013d8   0x00000098   Code   RO         1210    i.rt_mbx_send       RTX_CM3.lib(rt_mailbox.o)
    0x08001470   0x08001470   0x000000b4   Code   RO         1211    i.rt_mbx_wait       RTX_CM3.lib(rt_mailbox.o)
    0x08001524   0x08001524   0x00000044   Code   RO          307    i.rt_ms2tick        RTX_CM3.lib(rt_cmsis.o)
    0x08001568   0x08001568   0x00000010   Code   RO          963    i.rt_mut_init       RTX_CM3.lib(rt_mutex.o)
    0x08001578   0x08001578   0x000000d8   Code   RO          964    i.rt_mut_release    RTX_CM3.lib(rt_mutex.o)
    0x08001650   0x08001650   0x00000078   Code   RO          965    i.rt_mut_wait       RTX_CM3.lib(rt_mutex.o)
    0x080016c8   0x080016c8   0x0000007c   Code   RO         1001    i.rt_pop_req        RTX_CM3.lib(rt_system.o)
    0x08001744   0x08001744   0x00000020   Code   RO         1002    i.rt_psh_req        RTX_CM3.lib(rt_system.o)
    0x08001764   0x08001764   0x0000005c   Code   RO         1132    i.rt_psq_enq        RTX_CM3.lib(rt_list.o)
    0x080017c0   0x080017c0   0x00000048   Code   RO         1133    i.rt_put_dly        RTX_CM3.lib(rt_list.o)
    0x08001808   0x08001808   0x00000036   Code   RO         1134    i.rt_put_prio       RTX_CM3.lib(rt_list.o)
    0x0800183e   0x0800183e   0x00000002   PAD
    0x08001840   0x08001840   0x00000014   Code   RO         1135    i.rt_put_rdy_first  RTX_CM3.lib(rt_list.o)
    0x08001854   0x08001854   0x00000034   Code   RO         1136    i.rt_resort_prio    RTX_CM3.lib(rt_list.o)
    0x08001888   0x08001888   0x00000006   Code   RO         1407    i.rt_ret_val        RTX_CM3.lib(hal_cm.o)
    0x0800188e   0x0800188e   0x00000008   Code   RO         1408    i.rt_ret_val2       RTX_CM3.lib(hal_cm.o)
    0x08001896   0x08001896   0x00000028   Code   RO         1137    i.rt_rmv_dly        RTX_CM3.lib(rt_list.o)
    0x080018be   0x080018be   0x00000002   PAD
    0x080018c0   0x080018c0   0x00000030   Code   RO         1138    i.rt_rmv_list       RTX_CM3.lib(rt_list.o)
    0x080018f0   0x080018f0   0x0000000c   Code   RO         1255    i.rt_sem_init       RTX_CM3.lib(rt_semaphore.o)
    0x080018fc   0x080018fc   0x00000034   Code   RO         1256    i.rt_sem_psh        RTX_CM3.lib(rt_semaphore.o)
    0x08001930   0x08001930   0x0000002a   Code   RO         1257    i.rt_sem_send       RTX_CM3.lib(rt_semaphore.o)
    0x0800195a   0x0800195a   0x00000002   PAD
    0x0800195c   0x0800195c   0x00000040   Code   RO         1258    i.rt_sem_wait       RTX_CM3.lib(rt_semaphore.o)
    0x0800199c   0x0800199c   0x00000024   Code   RO         1004    i.rt_stk_check      RTX_CM3.lib(rt_system.o)
    0x080019c0   0x080019c0   0x00000028   Code   RO          881    i.rt_switch_req     RTX_CM3.lib(rt_task.o)
    0x080019e8   0x080019e8   0x000000cc   Code   RO          882    i.rt_sys_init       RTX_CM3.lib(rt_task.o)
    0x08001ab4   0x08001ab4   0x00000078   Code   RO          883    i.rt_sys_start      RTX_CM3.lib(rt_task.o)
    0x08001b2c   0x08001b2c   0x00000040   Code   RO         1006    i.rt_systick        RTX_CM3.lib(rt_system.o)
    0x08001b6c   0x08001b6c   0x00000012   Code   RO          308    i.rt_tid2ptcb       RTX_CM3.lib(rt_cmsis.o)
    0x08001b7e   0x08001b7e   0x00000002   PAD
    0x08001b80   0x08001b80   0x00000034   Code   RO          309    i.rt_timer_insert   RTX_CM3.lib(rt_cmsis.o)
    0x08001bb4   0x08001bb4   0x00000088   Code   RO          884    i.rt_tsk_create     RTX_CM3.lib(rt_task.o)
    0x08001c3c   0x08001c3c   0x0000017c   Code   RO          885    i.rt_tsk_delete     RTX_CM3.lib(rt_task.o)
    0x08001db8   0x08001db8   0x0000007c   Code   RO          887    i.rt_tsk_prio       RTX_CM3.lib(rt_task.o)
    0x08001e34   0x08001e34   0x00000010   Code   RO          888    i.rt_tsk_self       RTX_CM3.lib(rt_task.o)
    0x08001e44   0x08001e44   0x00000070   Code   RO          312    i.svcKernelInitialize  RTX_CM3.lib(rt_cmsis.o)
    0x08001eb4   0x08001eb4   0x00000048   Code   RO          314    i.svcKernelStart    RTX_CM3.lib(rt_cmsis.o)
    0x08001efc   0x08001efc   0x00000024   Code   RO          317    i.svcMessageCreate  RTX_CM3.lib(rt_cmsis.o)
    0x08001f20   0x08001f20   0x0000003a   Code   RO          318    i.svcMessageGet     RTX_CM3.lib(rt_cmsis.o)
    0x08001f5a   0x08001f5a   0x00000036   Code   RO          319    i.svcMessagePut     RTX_CM3.lib(rt_cmsis.o)
    0x08001f90   0x08001f90   0x0000001c   Code   RO          320    i.svcMutexCreate    RTX_CM3.lib(rt_cmsis.o)
    0x08001fac   0x08001fac   0x00000022   Code   RO          322    i.svcMutexRelease   RTX_CM3.lib(rt_cmsis.o)
    0x08001fce   0x08001fce   0x0000003a   Code   RO          323    i.svcMutexWait      RTX_CM3.lib(rt_cmsis.o)
    0x08002008   0x08002008   0x00000024   Code   RO          325    i.svcSemaphoreCreate  RTX_CM3.lib(rt_cmsis.o)
    0x0800202c   0x0800202c   0x00000028   Code   RO          327    i.svcSemaphoreRelease  RTX_CM3.lib(rt_cmsis.o)
    0x08002054   0x08002054   0x00000032   Code   RO          328    i.svcSemaphoreWait  RTX_CM3.lib(rt_cmsis.o)
    0x08002086   0x08002086   0x00000002   PAD
    0x08002088   0x08002088   0x0000006c   Code   RO          332    i.svcThreadCreate   RTX_CM3.lib(rt_cmsis.o)
    0x080020f4   0x080020f4   0x0000001c   Code   RO          333    i.svcThreadGetId    RTX_CM3.lib(rt_cmsis.o)
    0x08002110   0x08002110   0x00000038   Code   RO          336    i.svcThreadTerminate  RTX_CM3.lib(rt_cmsis.o)
    0x08002148   0x08002148   0x00000018   Code   RO          338    i.svcTimerCall      RTX_CM3.lib(rt_cmsis.o)
    0x08002160   0x08002160   0x0000005c   Code   RO          347    i.sysTimerTick      RTX_CM3.lib(rt_cmsis.o)
    0x080021bc   0x080021bc   0x00000058   Data   RO            6    .constdata          main.o
    0x08002214   0x08002214   0x00000068   Data   RO          164    .constdata          rtx_conf_cm.o
    0x0800227c   0x0800227c   0x00000020   Data   RO         1646    Region$$Table       anon$$obj.o


    Execution Region RW_IRAM1 (Exec base: 0x20000000, Load base: 0x0800229c, Size: 0x000013b8, Max: 0x00005000, ABSOLUTE)

    Exec Addr    Load Addr    Size         Type   Attr      Idx    E Section Name        Object

    0x20000000   0x0800229c   0x00000054   Data   RW            7    .data               main.o
    0x20000054   0x080022f0   0x00000014   Data   RW          165    .data               rtx_conf_cm.o
    0x20000068   0x08002304   0x00000014   Data   RW          227    .data               system_stm32f10x.o
    0x2000007c   0x08002318   0x00000008   Data   RW          350    .data               RTX_CM3.lib(rt_cmsis.o)
    0x20000084   0x08002320   0x00000008   Data   RW          890    .data               RTX_CM3.lib(rt_task.o)
    0x2000008c   0x08002328   0x00000008   Data   RW         1009    .data               RTX_CM3.lib(rt_system.o)
    0x20000094   0x08002330   0x00000004   Data   RW         1299    .data               RTX_CM3.lib(rt_time.o)
    0x20000098   0x08002334   0x00000008   Data   RW         1330    .data               RTX_CM3.lib(rt_robin.o)
    0x200000a0   0x0800233c   0x00000001   Data   RW         1409    .data               RTX_CM3.lib(hal_cm.o)
    0x200000a1   0x0800233d   0x00000003   PAD
    0x200000a4        -       0x00000084   Zero   RW            5    .bss                main.o
    0x20000128        -       0x00000bc8   Zero   RW          163    .bss                rtx_conf_cm.o
    0x20000cf0        -       0x00000034   Zero   RW          889    .bss                RTX_CM3.lib(rt_task.o)
    0x20000d24        -       0x00000030   Zero   RW         1139    .bss                RTX_CM3.lib(rt_list.o)
    0x20000d54        -       0x00000060   Zero   RW         1467    .bss                c_w.l(libspace.o)
    0x20000db4   0x0800233d   0x00000004   PAD
    0x20000db8        -       0x00000200   Zero   RW          217    HEAP                startup_stm32f10x_md.o
    0x20000fb8        -       0x00000400   Zero   RW          216    STACK               startup_stm32f10x_md.o


==============================================================================

Image component sizes


      Code (inc. data)   RO Data    RW Data    ZI Data      Debug   Object Name

      1012        154         88         84        132      12870   main.o
       192         34        104         20       3016       8901   rtx_conf_cm.o
        64         26        236          0       1536        816   startup_stm32f10x_md.o
       480         38          0         20          0       1895   system_stm32f10x.o
        20         16          0          0          0        391   test.o
       208         16          0          0          0        770   uart.o

    ----------------------------------------------------------------------
      1976        284        460        124       4684      25643   Object Totals
         0          0         32          0          0          0   (incl. Generated)
         0          0          0          0          0          0   (incl. Padding)

    ----------------------------------------------------------------------

      Code (inc. data)   RO Data    RW Data    ZI Data      Debug   Library Member Name

       238         24          0          1          0       3244   hal_cm.o
       304         36          0          0          0        756   hal_cm3.o
      1702        190          0          8          0      42554   rt_cmsis.o
        80          4          0          0          0        649   rt_event.o
       530         34          0          0         48       8157   rt_list.o
       706         14          0          0          0       4719   rt_mailbox.o
       140          0          0          0          0       1889   rt_membox.o
       128          0          0          0          0       2267   rt_memory.o
       352         14          0          0          0       2073   rt_mutex.o
        96         22          0          8          0       1134   rt_robin.o
       186         10          0          0          0       2862   rt_semaphore.o
       298         52          0          8          0       6139   rt_system.o
      1216        174          0          8         52       9537   rt_task.o
         0          0          0          4          0        206   rt_time.o
         4          4          0          0          0        196   svc_table.o
         8          0          0          0          0         68   __main.o
        40          0          0          0          0         84   __printf_nopercent.o
         0          0          0          0          0          0   __rtentry.o
        20          0          0          0          0          0   __rtentry2.o
         6          0          0          0          0          0   __rtentry4.o
        52          8          0          0          0          0   __scatter.o
        26          0          0          0          0          0   __scatter_copy.o
        28          0          0          0          0          0   __scatter_zi.o
        48          6          0          0          0         96   _printf_char_common.o
        10          0          0          0          0         68   _sputc.o
        18          0          0          0          0         80   exit.o
         6          0          0          0          0        152   heapauxi.o
         0          0          0          0          0          0   indicate_semi.o
         2          0          0          0          0          0   libinit.o
         2          0          0          0          0          0   libinit2.o
         2          0          0          0          0          0   libshutdown.o
         2          0          0          0          0          0   libshutdown2.o
         8          4          0          0         96         68   libspace.o
        40          6          0          0          0         84   noretval__2sprintf.o
         2          0          0          0          0          0   rtexit.o
        10          0          0          0          0          0   rtexit2.o
        12          4          0          0          0         68   sys_exit.o
        74          0          0          0          0         80   sys_stackheap_outer.o
         2          0          0          0          0         68   use_no_semi.o

    ----------------------------------------------------------------------
      6424        606          0         40        200      87298   Library Totals
        26          0          0          3          4          0   (incl. Padding)

    ----------------------------------------------------------------------

      Code (inc. data)   RO Data    RW Data    ZI Data      Debug   Library Name

      5980        578          0         37        100      86382   RTX_CM3.lib
       418         28          0          0         96        916   c_w.l

    ----------------------------------------------------------------------
      6424        606          0         40        200      87298   Library Totals

    ----------------------------------------------------------------------

==============================================================================


      Code (inc. data)   RO Data    RW Data    ZI Data      Debug   

      8400        890        460        164       4884     107633   Grand Totals
      8400        890        460        164       4884     107633   ELF Image Totals
      8400        890        460        164          0          0   ROM Totals

==============================================================================

    Total RO  Size (Code + RO Data)                 8860 (   8.65kB)
    Total RW  Size (RW Data + ZI Data)              5048 (   4.93kB)
    Total ROM Size (Code + RO Data + RW Data)       9024 (   8.81kB)

==============================================================================

